66.249.66.140 - - [03/Sep/2021:14:38:20 +0000] "GET /recommendations/products?section_id=product-recommendations&product_id=6842432979119&limit=4 HTTP/1.1" 200 8724 "https://shop.gnet.it/products/report-con-hubspot" "Mozilla/5.0 (Linux; Android 6.0.1; Nexus 5X Build/MMB29P) AppleWebKit/537.36 (KHTML, like Gecko) Chrome/92.0.4515.119 Mobile Safari/537.36 (compatible; Googlebot/2.1; +http://www.google.com/bot.html)"
93.147.139.239 - - [03/Sep/2021:14:39:54 +0000] "GET /57167249583/checkouts/371a63a1bfaab23e38a661178c6d2813?key=2ddc0d530a5022dc1cfb8ac8f5d80fe9 HTTP/1.1" 302 8780 "https://hooks.stripe.com/" "Mozilla/5.0 (Macintosh; Intel Mac OS X 10_15_7) AppleWebKit/605.1.15 (KHTML, like Gecko) Version/14.1.2 Safari/605.1.15"
93.147.139.239 - - [03/Sep/2021:14:39:54 +0000] "GET /57167249583/checkouts/371a63a1bfaab23e38a661178c6d2813/processing HTTP/1.1" 200 16891 "https://hooks.stripe.com/" "Mozilla/5.0 (Macintosh; Intel Mac OS X 10_15_7) AppleWebKit/605.1.15 (KHTML, like Gecko) Version/14.1.2 Safari/605.1.15"
93.147.139.239 - - [03/Sep/2021:14:39:55 +0000] "GET /57167249583/digital_wallets/dialog HTTP/1.1" 200 3344 "https://shop.gnet.it/" "Mozilla/5.0 (Macintosh; Intel Mac OS X 10_15_7) AppleWebKit/605.1.15 (KHTML, like Gecko) Version/14.1.2 Safari/605.1.15"
66.249.66.140 - - [03/Sep/2021:14:39:56 +0000] "GET /products/a-b-test-email HTTP/1.1" 200 40726 "-" "Mozilla/5.0 (Linux; Android 6.0.1; Nexus 5X Build/MMB29P) AppleWebKit/537.36 (KHTML, like Gecko) Chrome/92.0.4515.119 Mobile Safari/537.36 (compatible; Googlebot/2.1; +http://www.google.com/bot.html)"
93.147.139.239 - - [03/Sep/2021:14:39:59 +0000] "GET /57167249583/checkouts/371a63a1bfaab23e38a661178c6d2813/processing?from_processing_page=1 HTTP/1.1" 302 2863 "https://shop.gnet.it/" "Mozilla/5.0 (Macintosh; Intel Mac OS X 10_15_7) AppleWebKit/605.1.15 (KHTML, like Gecko) Version/14.1.2 Safari/605.1.15"
93.147.139.239 - - [03/Sep/2021:14:39:59 +0000] "GET /57167249583/checkouts/371a63a1bfaab23e38a661178c6d2813/thank_you HTTP/1.1" 200 24375 "https://shop.gnet.it/" "Mozilla/5.0 (Macintosh; Intel Mac OS X 10_15_7) AppleWebKit/605.1.15 (KHTML, like Gecko) Version/14.1.2 Safari/605.1.15"
93.147.139.239 - - [03/Sep/2021:14:40:00 +0000] "GET /57167249583/digital_wallets/dialog HTTP/1.1" 200 3344 "https://shop.gnet.it/" "Mozilla/5.0 (Macintosh; Intel Mac OS X 10_15_7) AppleWebKit/605.1.15 (KHTML, like Gecko) Version/14.1.2 Safari/605.1.15"
66.249.66.144 - - [03/Sep/2021:14:41:45 +0000] "GET //variants/40397878952111/?section_id=store-availability HTTP/1.1" 200 7457 "https://shop.gnet.it/products/a-b-test-email" "Mozilla/5.0 (Linux; Android 6.0.1; Nexus 5X Build/MMB29P) AppleWebKit/537.36 (KHTML, like Gecko) Chrome/92.0.4515.119 Mobile Safari/537.36 (compatible; Googlebot/2.1; +http://www.google.com/bot.html)"
66.249.66.142 - - [03/Sep/2021:14:41:45 +0000] "GET /recommendations/products?section_id=product-recommendations&product_id=6873157992623&limit=4 HTTP/1.1" 200 8773 "https://shop.gnet.it/products/a-b-test-email" "Mozilla/5.0 (Linux; Android 6.0.1; Nexus 5X Build/MMB29P) AppleWebKit/537.36 (KHTML, like Gecko) Chrome/92.0.4515.119 Mobile Safari/537.36 (compatible; Googlebot/2.1; +http://www.google.com/bot.html)"
66.249.66.140 - - [03/Sep/2021:14:41:46 +0000] "GET //variants/40397878952111/?section_id=store-availability HTTP/1.1" 200 7464 "https://shop.gnet.it/products/a-b-test-email" "Mozilla/5.0 (Linux; Android 6.0.1; Nexus 5X Build/MMB29P) AppleWebKit/537.36 (KHTML, like Gecko) Chrome/92.0.4515.119 Mobile Safari/537.36 (compatible; Googlebot/2.1; +http://www.google.com/bot.html)"
66.249.66.142 - - [03/Sep/2021:14:41:46 +0000] "GET /recommendations/products?section_id=product-recommendations&product_id=6873157992623&limit=4 HTTP/1.1" 200 3680 "https://shop.gnet.it/products/a-b-test-email" "Mozilla/5.0 (Linux; Android 6.0.1; Nexus 5X Build/MMB29P) AppleWebKit/537.36 (KHTML, like Gecko) Chrome/92.0.4515.119 Mobile Safari/537.36 (compatible; Googlebot/2.1; +http://www.google.com/bot.html)"
66.249.66.142 - - [03/Sep/2021:14:42:50 +0000] "GET /products/automatismi-workflow?pr_prod_strat=collection_fallback&pr_rec_pid=6873165004975&pr_ref_pid=6873157992623&pr_seq=uniform HTTP/1.1" 200 40330 "-" "Mozilla/5.0 (Linux; Android 6.0.1; Nexus 5X Build/MMB29P) AppleWebKit/537.36 (KHTML, like Gecko) Chrome/92.0.4515.119 Mobile Safari/537.36 (compatible; Googlebot/2.1; +http://www.google.com/bot.html)"
66.249.66.140 - - [03/Sep/2021:14:42:51 +0000] "GET /products/scoring?pr_prod_strat=collection_fallback&pr_rec_pid=6896190062767&pr_ref_pid=6873157992623&pr_seq=uniform HTTP/1.1" 200 40587 "-" "Mozilla/5.0 (Linux; Android 6.0.1; Nexus 5X Build/MMB29P) AppleWebKit/537.36 (KHTML, like Gecko) Chrome/92.0.4515.119 Mobile Safari/537.36 (compatible; Googlebot/2.1; +http://www.google.com/bot.html)"
66.249.66.140 - - [03/Sep/2021:14:42:53 +0000] "GET //variants/40397889700015/?section_id=store-availability HTTP/1.1" 200 2312 "https://shop.gnet.it/products/automatismi-workflow?pr_prod_strat=collection_fallback&pr_rec_pid=6873165004975&pr_ref_pid=6873157992623&pr_seq=uniform" "Mozilla/5.0 (Linux; Android 6.0.1; Nexus 5X Build/MMB29P) AppleWebKit/537.36 (KHTML, like Gecko) Chrome/92.0.4515.119 Mobile Safari/537.36 (compatible; Googlebot/2.1; +http://www.google.com/bot.html)"
66.249.66.142 - - [03/Sep/2021:14:42:53 +0000] "GET /recommendations/products?section_id=product-recommendations&product_id=6873165004975&limit=4 HTTP/1.1" 200 3713 "https://shop.gnet.it/products/automatismi-workflow?pr_prod_strat=collection_fallback&pr_rec_pid=6873165004975&pr_ref_pid=6873157992623&pr_seq=uniform" "Mozilla/5.0 (Linux; Android 6.0.1; Nexus 5X Build/MMB29P) AppleWebKit/537.36 (KHTML, like Gecko) Chrome/92.0.4515.119 Mobile Safari/537.36 (compatible; Googlebot/2.1; +http://www.google.com/bot.html)"
66.249.66.140 - - [03/Sep/2021:14:42:54 +0000] "GET //variants/40491169153199/?section_id=store-availability HTTP/1.1" 200 2312 "https://shop.gnet.it/products/scoring?pr_prod_strat=collection_fallback&pr_rec_pid=6896190062767&pr_ref_pid=6873157992623&pr_seq=uniform" "Mozilla/5.0 (Linux; Android 6.0.1; Nexus 5X Build/MMB29P) AppleWebKit/537.36 (KHTML, like Gecko) Chrome/92.0.4515.119 Mobile Safari/537.36 (compatible; Googlebot/2.1; +http://www.google.com/bot.html)"
66.249.66.140 - - [03/Sep/2021:14:42:54 +0000] "GET /recommendations/products?section_id=product-recommendations&product_id=6896190062767&limit=4 HTTP/1.1" 200 3641 "https://shop.gnet.it/products/scoring?pr_prod_strat=collection_fallback&pr_rec_pid=6896190062767&pr_ref_pid=6873157992623&pr_seq=uniform" "Mozilla/5.0 (Linux; Android 6.0.1; Nexus 5X Build/MMB29P) AppleWebKit/537.36 (KHTML, like Gecko) Chrome/92.0.4515.119 Mobile Safari/537.36 (compatible; Googlebot/2.1; +http://www.google.com/bot.html)"
66.249.66.142 - - [03/Sep/2021:14:43:19 +0000] "GET /products/email-marketing-email-di-followup?pr_prod_strat=collection_fallback&pr_rec_pid=6873138692271&pr_ref_pid=6873157992623&pr_seq=uniform HTTP/1.1" 200 40931 "-" "Mozilla/5.0 (Linux; Android 6.0.1; Nexus 5X Build/MMB29P) AppleWebKit/537.36 (KHTML, like Gecko) Chrome/92.0.4515.119 Mobile Safari/537.36 (compatible; Googlebot/2.1; +http://www.google.com/bot.html)"
66.249.66.140 - - [03/Sep/2021:14:49:40 +0000] "GET //variants/39875188162735/?section_id=store-availability HTTP/1.1" 200 7457 "https://shop.gnet.it/products/corso-hubspot-basic" "Mozilla/5.0 (Linux; Android 6.0.1; Nexus 5X Build/MMB29P) AppleWebKit/537.36 (KHTML, like Gecko) Chrome/92.0.4515.119 Mobile Safari/537.36 (compatible; Googlebot/2.1; +http://www.google.com/bot.html)"
66.249.66.142 - - [03/Sep/2021:14:49:42 +0000] "GET /recommendations/products?section_id=product-recommendations&product_id=6718320541871&limit=4 HTTP/1.1" 200 8773 "https://shop.gnet.it/products/corso-hubspot-basic" "Mozilla/5.0 (Linux; Android 6.0.1; Nexus 5X Build/MMB29P) AppleWebKit/537.36 (KHTML, like Gecko) Chrome/92.0.4515.119 Mobile Safari/537.36 (compatible; Googlebot/2.1; +http://www.google.com/bot.html)"
66.249.66.142 - - [03/Sep/2021:14:50:05 +0000] "GET //variants/39875188162735/?section_id=store-availability HTTP/1.1" 200 7460 "https://shop.gnet.it/products/corso-hubspot-basic" "Mozilla/5.0 (Linux; Android 6.0.1; Nexus 5X Build/MMB29P) AppleWebKit/537.36 (KHTML, like Gecko) Chrome/92.0.4515.119 Mobile Safari/537.36 (compatible; Googlebot/2.1; +http://www.google.com/bot.html)"
66.249.66.142 - - [03/Sep/2021:14:50:18 +0000] "GET /products/landing-page HTTP/1.1" 200 41597 "-" "Mozilla/5.0 (Linux; Android 6.0.1; Nexus 5X Build/MMB29P) AppleWebKit/537.36 (KHTML, like Gecko) Chrome/92.0.4515.119 Mobile Safari/537.36 (compatible; Googlebot/2.1; +http://www.google.com/bot.html)"
66.249.66.140 - - [03/Sep/2021:14:50:19 +0000] "GET /products/buyer-persona-contatti-account-timeline HTTP/1.1" 200 42518 "-" "Mozilla/5.0 (Linux; Android 6.0.1; Nexus 5X Build/MMB29P) AppleWebKit/537.36 (KHTML, like Gecko) Chrome/92.0.4515.119 Mobile Safari/537.36 (compatible; Googlebot/2.1; +http://www.google.com/bot.html)"
93.147.139.239 - - [03/Sep/2021:14:51:20 +0000] "GET / HTTP/1.1" 200 40046 "-" "Mozilla/5.0 (Macintosh; Intel Mac OS X 10_15_7) AppleWebKit/605.1.15 (KHTML, like Gecko) Version/14.1.2 Safari/605.1.15"
66.249.66.142 - - [03/Sep/2021:14:51:32 +0000] "GET //variants/40397790544047/?section_id=store-availability HTTP/1.1" 200 7457 "https://shop.gnet.it/products/landing-page" "Mozilla/5.0 (Linux; Android 6.0.1; Nexus 5X Build/MMB29P) AppleWebKit/537.36 (KHTML, like Gecko) Chrome/92.0.4515.119 Mobile Safari/537.36 (compatible; Googlebot/2.1; +http://www.google.com/bot.html)"
66.249.66.140 - - [03/Sep/2021:14:51:33 +0000] "GET /recommendations/products?section_id=product-recommendations&product_id=6873090064559&limit=4 HTTP/1.1" 200 8767 "https://shop.gnet.it/products/landing-page" "Mozilla/5.0 (Linux; Android 6.0.1; Nexus 5X Build/MMB29P) AppleWebKit/537.36 (KHTML, like Gecko) Chrome/92.0.4515.119 Mobile Safari/537.36 (compatible; Googlebot/2.1; +http://www.google.com/bot.html)"
93.147.139.239 - - [03/Sep/2021:14:51:43 +0000] "GET /blogs/news/hubspot-per-trovare-clienti-nel-2020 HTTP/1.1" 200 36793 "https://shop.gnet.it/" "Mozilla/5.0 (Macintosh; Intel Mac OS X 10_15_7) AppleWebKit/605.1.15 (KHTML, like Gecko) Version/14.1.2 Safari/605.1.15"
93.147.139.239 - - [03/Sep/2021:14:51:47 +0000] "GET /pages/chi-siamo HTTP/1.1" 200 29303 "https://shop.gnet.it/blogs/news/hubspot-per-trovare-clienti-nel-2020" "Mozilla/5.0 (Macintosh; Intel Mac OS X 10_15_7) AppleWebKit/605.1.15 (KHTML, like Gecko) Version/14.1.2 Safari/605.1.15"
93.147.139.239 - - [03/Sep/2021:14:51:50 +0000] "GET /blogs/news/hubspot-per-trovare-clienti-nel-2020 HTTP/1.1" 200 31388 "https://shop.gnet.it/pages/chi-siamo" "Mozilla/5.0 (Macintosh; Intel Mac OS X 10_15_7) AppleWebKit/605.1.15 (KHTML, like Gecko) Version/14.1.2 Safari/605.1.15"
93.147.139.239 - - [03/Sep/2021:14:51:51 +0000] "GET /pages/chi-siamo HTTP/1.1" 200 29118 "https://shop.gnet.it/blogs/news/hubspot-per-trovare-clienti-nel-2020" "Mozilla/5.0 (Macintosh; Intel Mac OS X 10_15_7) AppleWebKit/605.1.15 (KHTML, like Gecko) Version/14.1.2 Safari/605.1.15"
93.147.139.239 - - [03/Sep/2021:14:51:55 +0000] "GET /blogs/news/hubspot-per-trovare-clienti-nel-2020 HTTP/1.1" 200 31369 "https://shop.gnet.it/pages/chi-siamo" "Mozilla/5.0 (Macintosh; Intel Mac OS X 10_15_7) AppleWebKit/605.1.15 (KHTML, like Gecko) Version/14.1.2 Safari/605.1.15"
66.249.66.140 - - [03/Sep/2021:14:51:55 +0000] "GET //variants/40397649871023/?section_id=store-availability HTTP/1.1" 200 7457 "https://shop.gnet.it/products/buyer-persona-contatti-account-timeline" "Mozilla/5.0 (Linux; Android 6.0.1; Nexus 5X Build/MMB29P) AppleWebKit/537.36 (KHTML, like Gecko) Chrome/92.0.4515.119 Mobile Safari/537.36 (compatible; Googlebot/2.1; +http://www.google.com/bot.html)"
66.249.66.140 - - [03/Sep/2021:14:51:55 +0000] "GET /recommendations/products?section_id=product-recommendations&product_id=6872988450991&limit=4 HTTP/1.1" 200 3663 "https://shop.gnet.it/products/buyer-persona-contatti-account-timeline" "Mozilla/5.0 (Linux; Android 6.0.1; Nexus 5X Build/MMB29P) AppleWebKit/537.36 (KHTML, like Gecko) Chrome/92.0.4515.119 Mobile Safari/537.36 (compatible; Googlebot/2.1; +http://www.google.com/bot.html)"
93.147.139.239 - - [03/Sep/2021:14:51:59 +0000] "GET /pages/chi-siamo HTTP/1.1" 200 28844 "https://shop.gnet.it/blogs/news/hubspot-per-trovare-clienti-nel-2020" "Mozilla/5.0 (Macintosh; Intel Mac OS X 10_15_7) AppleWebKit/605.1.15 (KHTML, like Gecko) Version/14.1.2 Safari/605.1.15"
93.147.139.239 - - [03/Sep/2021:14:52:00 +0000] "GET /blogs/news/hubspot-per-trovare-clienti-nel-2020 HTTP/1.1" 200 31275 "https://shop.gnet.it/pages/chi-siamo" "Mozilla/5.0 (Macintosh; Intel Mac OS X 10_15_7) AppleWebKit/605.1.15 (KHTML, like Gecko) Version/14.1.2 Safari/605.1.15"
93.147.139.239 - - [03/Sep/2021:14:52:01 +0000] "GET /pages/chi-siamo HTTP/1.1" 200 29052 "https://shop.gnet.it/blogs/news/hubspot-per-trovare-clienti-nel-2020" "Mozilla/5.0 (Macintosh; Intel Mac OS X 10_15_7) AppleWebKit/605.1.15 (KHTML, like Gecko) Version/14.1.2 Safari/605.1.15"
93.147.139.239 - - [03/Sep/2021:14:52:03 +0000] "GET /blogs/news/hubspot-per-trovare-clienti-nel-2020 HTTP/1.1" 200 36996 "https://shop.gnet.it/" "Mozilla/5.0 (Macintosh; Intel Mac OS X 10_15_7) AppleWebKit/605.1.15 (KHTML, like Gecko) Version/14.1.2 Safari/605.1.15"
93.147.139.239 - - [03/Sep/2021:14:52:08 +0000] "GET /blogs/news HTTP/1.1" 200 30059 "https://shop.gnet.it/blogs/news/hubspot-per-trovare-clienti-nel-2020" "Mozilla/5.0 (Macintosh; Intel Mac OS X 10_15_7) AppleWebKit/605.1.15 (KHTML, like Gecko) Version/14.1.2 Safari/605.1.15"
93.147.139.239 - - [03/Sep/2021:14:52:15 +0000] "GET / HTTP/1.1" 200 40106 "https://shop.gnet.it/pages/chi-siamo" "Mozilla/5.0 (Macintosh; Intel Mac OS X 10_15_7) AppleWebKit/605.1.15 (KHTML, like Gecko) Version/14.1.2 Safari/605.1.15"
93.147.139.239 - - [03/Sep/2021:14:52:19 +0000] "GET /collections/f-w-2021 HTTP/1.1" 200 30556 "https://shop.gnet.it/" "Mozilla/5.0 (Macintosh; Intel Mac OS X 10_15_7) AppleWebKit/605.1.15 (KHTML, like Gecko) Version/14.1.2 Safari/605.1.15"
93.147.139.239 - - [03/Sep/2021:14:52:57 +0000] "GET /products/report-con-hubspot HTTP/1.1" 200 39952 "https://shop.gnet.it/collections/f-w-2021" "Mozilla/5.0 (Macintosh; Intel Mac OS X 10_15_7) AppleWebKit/605.1.15 (KHTML, like Gecko) Version/14.1.2 Safari/605.1.15"
93.147.139.239 - - [03/Sep/2021:14:52:58 +0000] "GET //variants/40302413512879/?section_id=store-availability HTTP/1.1" 200 2350 "https://shop.gnet.it/products/report-con-hubspot" "Mozilla/5.0 (Macintosh; Intel Mac OS X 10_15_7) AppleWebKit/605.1.15 (KHTML, like Gecko) Version/14.1.2 Safari/605.1.15"
93.147.139.239 - - [03/Sep/2021:14:52:58 +0000] "GET /recommendations/products?section_id=product-recommendations&product_id=6842432979119&limit=4 HTTP/1.1" 200 8856 "https://shop.gnet.it/products/report-con-hubspot" "Mozilla/5.0 (Macintosh; Intel Mac OS X 10_15_7) AppleWebKit/605.1.15 (KHTML, like Gecko) Version/14.1.2 Safari/605.1.15"
93.147.139.239 - - [03/Sep/2021:14:52:58 +0000] "GET /payments/config?currency=EUR HTTP/1.1" 200 8750 "https://shop.gnet.it/products/report-con-hubspot" "Mozilla/5.0 (Macintosh; Intel Mac OS X 10_15_7) AppleWebKit/605.1.15 (KHTML, like Gecko) Version/14.1.2 Safari/605.1.15"
66.249.66.140 - - [03/Sep/2021:14:53:27 +0000] "GET /products/a-b-test-email?pr_prod_strat=collection_fallback&pr_rec_pid=6873157992623&pr_ref_pid=6872988450991&pr_seq=uniform HTTP/1.1" 200 40648 "-" "Mozilla/5.0 (Linux; Android 6.0.1; Nexus 5X Build/MMB29P) AppleWebKit/537.36 (KHTML, like Gecko) Chrome/92.0.4515.119 Mobile Safari/537.36 (compatible; Googlebot/2.1; +http://www.google.com/bot.html)"
66.249.66.144 - - [03/Sep/2021:14:53:28 +0000] "GET /products/a-b-test-email?pr_prod_strat=collection_fallback&pr_rec_pid=6873157992623&pr_ref_pid=6873090064559&pr_seq=uniform HTTP/1.1" 200 40742 "-" "Mozilla/5.0 (Linux; Android 6.0.1; Nexus 5X Build/MMB29P) AppleWebKit/537.36 (KHTML, like Gecko) Chrome/92.0.4515.119 Mobile Safari/537.36 (compatible; Googlebot/2.1; +http://www.google.com/bot.html)"
66.249.66.142 - - [03/Sep/2021:14:53:40 +0000] "GET /products/email-marketing-email-di-followup?pr_prod_strat=collection_fallback&pr_rec_pid=6873138692271&pr_ref_pid=6872988450991&pr_seq=uniform HTTP/1.1" 200 41068 "-" "Mozilla/5.0 (Linux; Android 6.0.1; Nexus 5X Build/MMB29P) AppleWebKit/537.36 (KHTML, like Gecko) Chrome/92.0.4515.119 Mobile Safari/537.36 (compatible; Googlebot/2.1; +http://www.google.com/bot.html)"
93.147.139.239 - - [03/Sep/2021:14:54:16 +0000] "GET /blogs/news/hubspot-per-trovare-clienti-nel-2020 HTTP/1.1" 200 37036 "https://shop.gnet.it/blogs/news" "Mozilla/5.0 (Macintosh; Intel Mac OS X 10_15_7) AppleWebKit/605.1.15 (KHTML, like Gecko) Version/14.1.2 Safari/605.1.15"
93.147.139.239 - - [03/Sep/2021:14:54:20 +0000] "GET /blogs/news HTTP/1.1" 200 30024 "https://shop.gnet.it/blogs/news/hubspot-per-trovare-clienti-nel-2020" "Mozilla/5.0 (Macintosh; Intel Mac OS X 10_15_7) AppleWebKit/605.1.15 (KHTML, like Gecko) Version/14.1.2 Safari/605.1.15"
93.147.139.239 - - [03/Sep/2021:14:54:26 +0000] "GET /blogs/news/hubspot-per-trovare-clienti-nel-2020 HTTP/1.1" 200 37150 "https://shop.gnet.it/blogs/news" "Mozilla/5.0 (Macintosh; Intel Mac OS X 10_15_7) AppleWebKit/605.1.15 (KHTML, like Gecko) Version/14.1.2 Safari/605.1.15"
35.233.102.46 - - [03/Sep/2021:14:55:00 +0000] "GET /?_cd=699202077bd9a90617337a014e330300b8ec51d4927500713f5870939717944c&_uid=73923068079&preview_theme_id= HTTP/1.1" 302 6817 "-" "Mozilla/5.0 (Macintosh; Intel Mac OS X 10_15_7) AppleWebKit/537.36 (KHTML, like Gecko) Chrome/92.0.4515.159 Safari/537.36"
35.233.102.46 - - [03/Sep/2021:14:55:01 +0000] "GET /?preview_theme_id= HTTP/1.1" 302 1411 "-" "Mozilla/5.0 (Macintosh; Intel Mac OS X 10_15_7) AppleWebKit/537.36 (KHTML, like Gecko) Chrome/92.0.4515.159 Safari/537.36"
35.233.102.46 - - [03/Sep/2021:14:55:01 +0000] "GET / HTTP/1.1" 200 34878 "-" "Mozilla/5.0 (Macintosh; Intel Mac OS X 10_15_7) AppleWebKit/537.36 (KHTML, like Gecko) Chrome/92.0.4515.159 Safari/537.36"
93.147.139.239 - - [03/Sep/2021:14:55:16 +0000] "GET / HTTP/1.1" 200 39948 "-" "Mozilla/5.0 (Macintosh; Intel Mac OS X 10_15_7) AppleWebKit/537.36 (KHTML, like Gecko) Chrome/92.0.4515.159 Safari/537.36"
93.147.139.239 - - [03/Sep/2021:14:55:39 +0000] "GET / HTTP/1.1" 200 40355 "-" "Mozilla/5.0 (Macintosh; Intel Mac OS X 10_15_7) AppleWebKit/605.1.15 (KHTML, like Gecko) Version/14.1.2 Safari/605.1.15"
93.147.139.239 - - [03/Sep/2021:14:56:32 +0000] "GET /blogs/news/hubspot-per-trovare-clienti-nel-2020 HTTP/1.1" 404 33550 "https://shop.gnet.it/blogs/news" "Mozilla/5.0 (Macintosh; Intel Mac OS X 10_15_7) AppleWebKit/605.1.15 (KHTML, like Gecko) Version/14.1.2 Safari/605.1.15"
34.133.78.81 - - [03/Sep/2021:14:56:51 +0000] "HEAD / HTTP/1.1" 200 7592 "-" "Ruby"
66.249.66.140 - - [03/Sep/2021:14:58:42 +0000] "GET //variants/39875188162735/?section_id=store-availability HTTP/1.1" 200 7457 "https://shop.gnet.it/products/corso-hubspot-basic" "Mozilla/5.0 AppleWebKit/537.36 (KHTML, like Gecko; compatible; Googlebot/2.1; +http://www.google.com/bot.html) Chrome/92.0.4515.119 Safari/537.36"
66.249.66.140 - - [03/Sep/2021:14:58:43 +0000] "GET /recommendations/products?section_id=product-recommendations&product_id=6718320541871&limit=4 HTTP/1.1" 200 3670 "https://shop.gnet.it/products/corso-hubspot-basic" "Mozilla/5.0 AppleWebKit/537.36 (KHTML, like Gecko; compatible; Googlebot/2.1; +http://www.google.com/bot.html) Chrome/92.0.4515.119 Safari/537.36"
66.249.66.144 - - [03/Sep/2021:14:59:03 +0000] "GET /products/a-b-test-email?pr_prod_strat=collection_fallback&pr_rec_pid=6873157992623&pr_ref_pid=6718320541871&pr_seq=uniform HTTP/1.1" 200 40501 "-" "Mozilla/5.0 (Linux; Android 6.0.1; Nexus 5X Build/MMB29P) AppleWebKit/537.36 (KHTML, like Gecko) Chrome/92.0.4515.119 Mobile Safari/537.36 (compatible; Googlebot/2.1; +http://www.google.com/bot.html)"
35.233.102.46 - - [03/Sep/2021:15:02:08 +0000] "GET / HTTP/1.1" 200 39982 "-" "Mozilla/5.0 (Macintosh; Intel Mac OS X 10_15_7) AppleWebKit/537.36 (KHTML, like Gecko) Chrome/92.0.4515.159 Safari/537.36"
93.147.139.239 - - [03/Sep/2021:15:04:19 +0000] "GET / HTTP/1.1" 200 39807 "-" "Mozilla/5.0 (Macintosh; Intel Mac OS X 10_15_7) AppleWebKit/537.36 (KHTML, like Gecko) Chrome/93.0.4577.63 Safari/537.36"
66.249.66.142 - - [03/Sep/2021:15:04:20 +0000] "GET /products/email-marketing-email-di-followup HTTP/1.1" 200 40863 "-" "Mozilla/5.0 (Linux; Android 6.0.1; Nexus 5X Build/MMB29P) AppleWebKit/537.36 (KHTML, like Gecko) Chrome/92.0.4515.119 Mobile Safari/537.36 (compatible; Googlebot/2.1; +http://www.google.com/bot.html)"
93.147.139.239 - - [03/Sep/2021:15:04:48 +0000] "GET / HTTP/1.1" 200 39986 "-" "Mozilla/5.0 (Macintosh; Intel Mac OS X 10_15_7) AppleWebKit/537.36 (KHTML, like Gecko) Chrome/92.0.4515.159 Safari/537.36"
66.249.66.144 - - [03/Sep/2021:15:06:20 +0000] "GET /products/manuali-playbook HTTP/1.1" 200 40379 "-" "Mozilla/5.0 (Linux; Android 6.0.1; Nexus 5X Build/MMB29P) AppleWebKit/537.36 (KHTML, like Gecko) Chrome/92.0.4515.119 Mobile Safari/537.36 (compatible; Googlebot/2.1; +http://www.google.com/bot.html)"
66.249.66.140 - - [03/Sep/2021:15:07:54 +0000] "GET //variants/40491159093423/?section_id=store-availability HTTP/1.1" 200 7457 "https://shop.gnet.it/products/manuali-playbook" "Mozilla/5.0 (Linux; Android 6.0.1; Nexus 5X Build/MMB29P) AppleWebKit/537.36 (KHTML, like Gecko) Chrome/92.0.4515.119 Mobile Safari/537.36 (compatible; Googlebot/2.1; +http://www.google.com/bot.html)"
66.249.66.144 - - [03/Sep/2021:15:07:56 +0000] "GET /recommendations/products?section_id=product-recommendations&product_id=6896186720431&limit=4 HTTP/1.1" 200 8747 "https://shop.gnet.it/products/manuali-playbook" "Mozilla/5.0 (Linux; Android 6.0.1; Nexus 5X Build/MMB29P) AppleWebKit/537.36 (KHTML, like Gecko) Chrome/92.0.4515.119 Mobile Safari/537.36 (compatible; Googlebot/2.1; +http://www.google.com/bot.html)"
66.249.66.144 - - [03/Sep/2021:15:07:58 +0000] "GET /recommendations/products?section_id=product-recommendations&product_id=6896186720431&limit=4 HTTP/1.1" 200 3631 "https://shop.gnet.it/products/manuali-playbook" "Mozilla/5.0 (Linux; Android 6.0.1; Nexus 5X Build/MMB29P) AppleWebKit/537.36 (KHTML, like Gecko) Chrome/92.0.4515.119 Mobile Safari/537.36 (compatible; Googlebot/2.1; +http://www.google.com/bot.html)"
66.249.66.144 - - [03/Sep/2021:15:08:53 +0000] "GET /products/email-marketing-email-di-followup?pr_prod_strat=collection_fallback&pr_rec_pid=6873138692271&pr_ref_pid=6896186720431&pr_seq=uniform HTTP/1.1" 200 41017 "-" "Mozilla/5.0 (Linux; Android 6.0.1; Nexus 5X Build/MMB29P) AppleWebKit/537.36 (KHTML, like Gecko) Chrome/92.0.4515.119 Mobile Safari/537.36 (compatible; Googlebot/2.1; +http://www.google.com/bot.html)"
66.249.66.140 - - [03/Sep/2021:15:14:46 +0000] "GET /products/report-custom-web-analytics?pr_prod_strat=collection_fallback&pr_rec_pid=6873176801455&pr_ref_pid=6873165004975&pr_seq=uniform HTTP/1.1" 200 41307 "-" "Mozilla/5.0 (Linux; Android 6.0.1; Nexus 5X Build/MMB29P) AppleWebKit/537.36 (KHTML, like Gecko) Chrome/92.0.4515.119 Mobile Safari/537.36 (compatible; Googlebot/2.1; +http://www.google.com/bot.html)"
66.249.66.140 - - [03/Sep/2021:15:15:00 +0000] "GET //variants/40397903986863/?section_id=store-availability HTTP/1.1" 200 7457 "https://shop.gnet.it/products/report-custom-web-analytics?pr_prod_strat=collection_fallback&pr_rec_pid=6873176801455&pr_ref_pid=6873165004975&pr_seq=uniform" "Mozilla/5.0 (Linux; Android 6.0.1; Nexus 5X Build/MMB29P) AppleWebKit/537.36 (KHTML, like Gecko) Chrome/92.0.4515.119 Mobile Safari/537.36 (compatible; Googlebot/2.1; +http://www.google.com/bot.html)"
66.249.66.140 - - [03/Sep/2021:15:15:01 +0000] "GET /recommendations/products?section_id=product-recommendations&product_id=6873176801455&limit=4 HTTP/1.1" 200 3606 "https://shop.gnet.it/products/report-custom-web-analytics?pr_prod_strat=collection_fallback&pr_rec_pid=6873176801455&pr_ref_pid=6873165004975&pr_seq=uniform" "Mozilla/5.0 (Linux; Android 6.0.1; Nexus 5X Build/MMB29P) AppleWebKit/537.36 (KHTML, like Gecko) Chrome/92.0.4515.119 Mobile Safari/537.36 (compatible; Googlebot/2.1; +http://www.google.com/bot.html)"
66.249.66.142 - - [03/Sep/2021:15:18:12 +0000] "GET /products/email-marketing-email-di-followup?pr_prod_strat=collection_fallback&pr_rec_pid=6873138692271&pr_ref_pid=6873165004975&pr_seq=uniform HTTP/1.1" 200 41006 "-" "Mozilla/5.0 (Linux; Android 6.0.1; Nexus 5X Build/MMB29P) AppleWebKit/537.36 (KHTML, like Gecko) Chrome/92.0.4515.119 Mobile Safari/537.36 (compatible; Googlebot/2.1; +http://www.google.com/bot.html)"
35.233.102.46 - - [03/Sep/2021:15:19:16 +0000] "GET / HTTP/1.1" 200 40151 "-" "Mozilla/5.0 (Macintosh; Intel Mac OS X 10_15_7) AppleWebKit/537.36 (KHTML, like Gecko) Chrome/92.0.4515.159 Safari/537.36"
35.233.102.46 - - [03/Sep/2021:15:19:25 +0000] "GET / HTTP/1.1" 200 35593 "-" "Mozilla/5.0 (Macintosh; Intel Mac OS X 10_15_7) AppleWebKit/537.36 (KHTML, like Gecko) Chrome/92.0.4515.159 Safari/537.36"
35.233.102.46 - - [03/Sep/2021:15:19:37 +0000] "GET / HTTP/1.1" 200 35582 "-" "Mozilla/5.0 (Macintosh; Intel Mac OS X 10_15_7) AppleWebKit/537.36 (KHTML, like Gecko) Chrome/92.0.4515.159 Safari/537.36"
93.147.139.239 - - [03/Sep/2021:15:19:44 +0000] "GET / HTTP/1.1" 200 39901 "-" "Mozilla/5.0 (Macintosh; Intel Mac OS X 10_15_7) AppleWebKit/537.36 (KHTML, like Gecko) Chrome/92.0.4515.159 Safari/537.36"
93.147.139.239 - - [03/Sep/2021:15:20:00 +0000] "GET / HTTP/1.1" 200 40082 "https://shop.gnet.it/blogs/news/hubspot-per-trovare-clienti-nel-2020" "Mozilla/5.0 (Macintosh; Intel Mac OS X 10_15_7) AppleWebKit/605.1.15 (KHTML, like Gecko) Version/14.1.2 Safari/605.1.15"
66.249.66.144 - - [03/Sep/2021:15:20:49 +0000] "GET //variants/40491159093423/?section_id=store-availability HTTP/1.1" 200 7464 "https://shop.gnet.it/products/manuali-playbook" "Mozilla/5.0 (Linux; Android 6.0.1; Nexus 5X Build/MMB29P) AppleWebKit/537.36 (KHTML, like Gecko) Chrome/92.0.4515.119 Mobile Safari/537.36 (compatible; Googlebot/2.1; +http://www.google.com/bot.html)"
66.249.66.140 - - [03/Sep/2021:15:20:50 +0000] "GET /recommendations/products?section_id=product-recommendations&product_id=6896186720431&limit=4 HTTP/1.1" 200 8736 "https://shop.gnet.it/products/manuali-playbook" "Mozilla/5.0 (Linux; Android 6.0.1; Nexus 5X Build/MMB29P) AppleWebKit/537.36 (KHTML, like Gecko) Chrome/92.0.4515.119 Mobile Safari/537.36 (compatible; Googlebot/2.1; +http://www.google.com/bot.html)"
66.249.66.140 - - [03/Sep/2021:15:22:24 +0000] "GET /products/scoring?pr_prod_strat=collection_fallback&pr_rec_pid=6896190062767&pr_ref_pid=6896186720431&pr_seq=uniform HTTP/1.1" 200 40700 "-" "Mozilla/5.0 (Linux; Android 6.0.1; Nexus 5X Build/MMB29P) AppleWebKit/537.36 (KHTML, like Gecko) Chrome/92.0.4515.119 Mobile Safari/537.36 (compatible; Googlebot/2.1; +http://www.google.com/bot.html)"
66.249.66.144 - - [03/Sep/2021:15:22:27 +0000] "GET /recommendations/products?section_id=product-recommendations&product_id=6896190062767&limit=4 HTTP/1.1" 200 8760 "https://shop.gnet.it/products/scoring?pr_prod_strat=collection_fallback&pr_rec_pid=6896190062767&pr_ref_pid=6896186720431&pr_seq=uniform" "Mozilla/5.0 (Linux; Android 6.0.1; Nexus 5X Build/MMB29P) AppleWebKit/537.36 (KHTML, like Gecko) Chrome/92.0.4515.119 Mobile Safari/537.36 (compatible; Googlebot/2.1; +http://www.google.com/bot.html)"
66.249.66.140 - - [03/Sep/2021:15:22:27 +0000] "GET //variants/40491169153199/?section_id=store-availability HTTP/1.1" 200 2312 "https://shop.gnet.it/products/scoring?pr_prod_strat=collection_fallback&pr_rec_pid=6896190062767&pr_ref_pid=6896186720431&pr_seq=uniform" "Mozilla/5.0 (Linux; Android 6.0.1; Nexus 5X Build/MMB29P) AppleWebKit/537.36 (KHTML, like Gecko) Chrome/92.0.4515.119 Mobile Safari/537.36 (compatible; Googlebot/2.1; +http://www.google.com/bot.html)"
66.249.66.140 - - [03/Sep/2021:15:22:29 +0000] "GET //variants/40491159093423/?section_id=store-availability HTTP/1.1" 200 2319 "https://shop.gnet.it/products/manuali-playbook" "Mozilla/5.0 (Linux; Android 6.0.1; Nexus 5X Build/MMB29P) AppleWebKit/537.36 (KHTML, like Gecko) Chrome/92.0.4515.119 Mobile Safari/537.36 (compatible; Googlebot/2.1; +http://www.google.com/bot.html)"
66.249.66.140 - - [03/Sep/2021:15:22:29 +0000] "GET /recommendations/products?section_id=product-recommendations&product_id=6896186720431&limit=4 HTTP/1.1" 200 3591 "https://shop.gnet.it/products/manuali-playbook" "Mozilla/5.0 (Linux; Android 6.0.1; Nexus 5X Build/MMB29P) AppleWebKit/537.36 (KHTML, like Gecko) Chrome/92.0.4515.119 Mobile Safari/537.36 (compatible; Googlebot/2.1; +http://www.google.com/bot.html)"
93.147.139.239 - - [03/Sep/2021:15:22:54 +0000] "GET /collections/f-w-2021 HTTP/1.1" 200 35372 "https://shop.gnet.it/" "Mozilla/5.0 (Macintosh; Intel Mac OS X 10_15_7) AppleWebKit/537.36 (KHTML, like Gecko) Chrome/93.0.4577.63 Safari/537.36"
93.147.139.239 - - [03/Sep/2021:15:22:59 +0000] "GET /products/corso-hubspot-crm-avanzato HTTP/1.1" 200 33482 "https://shop.gnet.it/collections/f-w-2021" "Mozilla/5.0 (Macintosh; Intel Mac OS X 10_15_7) AppleWebKit/537.36 (KHTML, like Gecko) Chrome/93.0.4577.63 Safari/537.36"
93.147.139.239 - - [03/Sep/2021:15:22:59 +0000] "GET //variants/40302102347951/?section_id=store-availability HTTP/1.1" 200 2318 "https://shop.gnet.it/products/corso-hubspot-crm-avanzato" "Mozilla/5.0 (Macintosh; Intel Mac OS X 10_15_7) AppleWebKit/537.36 (KHTML, like Gecko) Chrome/93.0.4577.63 Safari/537.36"
93.147.139.239 - - [03/Sep/2021:15:22:59 +0000] "GET /recommendations/products?section_id=product-recommendations&product_id=6842356596911&limit=4 HTTP/1.1" 200 4168 "https://shop.gnet.it/products/corso-hubspot-crm-avanzato" "Mozilla/5.0 (Macintosh; Intel Mac OS X 10_15_7) AppleWebKit/537.36 (KHTML, like Gecko) Chrome/93.0.4577.63 Safari/537.36"
93.147.139.239 - - [03/Sep/2021:15:22:59 +0000] "GET /payments/config?currency=EUR HTTP/1.1" 200 4157 "https://shop.gnet.it/products/corso-hubspot-crm-avanzato" "Mozilla/5.0 (Macintosh; Intel Mac OS X 10_15_7) AppleWebKit/537.36 (KHTML, like Gecko) Chrome/93.0.4577.63 Safari/537.36"
93.147.139.239 - - [03/Sep/2021:15:23:35 +0000] "GET /products/email-marketing-email-di-followup?pr_prod_strat=collection_fallback&pr_rec_pid=6873138692271&pr_ref_pid=6842356596911&pr_seq=uniform HTTP/1.1" 200 36117 "https://shop.gnet.it/products/corso-hubspot-crm-avanzato" "Mozilla/5.0 (Macintosh; Intel Mac OS X 10_15_7) AppleWebKit/537.36 (KHTML, like Gecko) Chrome/93.0.4577.63 Safari/537.36"
93.147.139.239 - - [03/Sep/2021:15:23:35 +0000] "GET //variants/40397853065391/?section_id=store-availability HTTP/1.1" 200 2314 "https://shop.gnet.it/products/email-marketing-email-di-followup?pr_prod_strat=collection_fallback&pr_rec_pid=6873138692271&pr_ref_pid=6842356596911&pr_seq=uniform" "Mozilla/5.0 (Macintosh; Intel Mac OS X 10_15_7) AppleWebKit/537.36 (KHTML, like Gecko) Chrome/93.0.4577.63 Safari/537.36"
93.147.139.239 - - [03/Sep/2021:15:23:35 +0000] "GET /payments/config?currency=EUR HTTP/1.1" 200 4117 "https://shop.gnet.it/products/email-marketing-email-di-followup?pr_prod_strat=collection_fallback&pr_rec_pid=6873138692271&pr_ref_pid=6842356596911&pr_seq=uniform" "Mozilla/5.0 (Macintosh; Intel Mac OS X 10_15_7) AppleWebKit/537.36 (KHTML, like Gecko) Chrome/93.0.4577.63 Safari/537.36"
93.147.139.239 - - [03/Sep/2021:15:23:35 +0000] "GET /recommendations/products?section_id=product-recommendations&product_id=6873138692271&limit=4 HTTP/1.1" 200 4132 "https://shop.gnet.it/products/email-marketing-email-di-followup?pr_prod_strat=collection_fallback&pr_rec_pid=6873138692271&pr_ref_pid=6842356596911&pr_seq=uniform" "Mozilla/5.0 (Macintosh; Intel Mac OS X 10_15_7) AppleWebKit/537.36 (KHTML, like Gecko) Chrome/93.0.4577.63 Safari/537.36"
93.147.139.239 - - [03/Sep/2021:15:23:45 +0000] "GET /products/scoring?pr_prod_strat=collection_fallback&pr_rec_pid=6896190062767&pr_ref_pid=6873138692271&pr_seq=uniform HTTP/1.1" 200 35792 "https://shop.gnet.it/products/email-marketing-email-di-followup?pr_prod_strat=collection_fallback&pr_rec_pid=6873138692271&pr_ref_pid=6842356596911&pr_seq=uniform" "Mozilla/5.0 (Macintosh; Intel Mac OS X 10_15_7) AppleWebKit/537.36 (KHTML, like Gecko) Chrome/93.0.4577.63 Safari/537.36"
93.147.139.239 - - [03/Sep/2021:15:23:46 +0000] "GET //variants/40491169153199/?section_id=store-availability HTTP/1.1" 200 2318 "https://shop.gnet.it/products/scoring?pr_prod_strat=collection_fallback&pr_rec_pid=6896190062767&pr_ref_pid=6873138692271&pr_seq=uniform" "Mozilla/5.0 (Macintosh; Intel Mac OS X 10_15_7) AppleWebKit/537.36 (KHTML, like Gecko) Chrome/93.0.4577.63 Safari/537.36"
93.147.139.239 - - [03/Sep/2021:15:23:46 +0000] "GET /recommendations/products?section_id=product-recommendations&product_id=6896190062767&limit=4 HTTP/1.1" 200 4201 "https://shop.gnet.it/products/scoring?pr_prod_strat=collection_fallback&pr_rec_pid=6896190062767&pr_ref_pid=6873138692271&pr_seq=uniform" "Mozilla/5.0 (Macintosh; Intel Mac OS X 10_15_7) AppleWebKit/537.36 (KHTML, like Gecko) Chrome/93.0.4577.63 Safari/537.36"
93.147.139.239 - - [03/Sep/2021:15:23:46 +0000] "GET /payments/config?currency=EUR HTTP/1.1" 200 4150 "https://shop.gnet.it/products/scoring?pr_prod_strat=collection_fallback&pr_rec_pid=6896190062767&pr_ref_pid=6873138692271&pr_seq=uniform" "Mozilla/5.0 (Macintosh; Intel Mac OS X 10_15_7) AppleWebKit/537.36 (KHTML, like Gecko) Chrome/93.0.4577.63 Safari/537.36"
93.147.139.239 - - [03/Sep/2021:15:23:55 +0000] "GET / HTTP/1.1" 200 35215 "https://shop.gnet.it/products/scoring?pr_prod_strat=collection_fallback&pr_rec_pid=6896190062767&pr_ref_pid=6873138692271&pr_seq=uniform" "Mozilla/5.0 (Macintosh; Intel Mac OS X 10_15_7) AppleWebKit/537.36 (KHTML, like Gecko) Chrome/93.0.4577.63 Safari/537.36"
93.147.139.239 - - [03/Sep/2021:15:23:59 +0000] "GET /collections/f-w-2021 HTTP/1.1" 200 30108 "https://shop.gnet.it/" "Mozilla/5.0 (Macintosh; Intel Mac OS X 10_15_7) AppleWebKit/537.36 (KHTML, like Gecko) Chrome/93.0.4577.63 Safari/537.36"
93.147.139.239 - - [03/Sep/2021:15:24:01 +0000] "GET /products/corso-hubspot-basic HTTP/1.1" 200 33870 "https://shop.gnet.it/collections/f-w-2021" "Mozilla/5.0 (Macintosh; Intel Mac OS X 10_15_7) AppleWebKit/537.36 (KHTML, like Gecko) Chrome/93.0.4577.63 Safari/537.36"
93.147.139.239 - - [03/Sep/2021:15:24:02 +0000] "GET //variants/39875188162735/?section_id=store-availability HTTP/1.1" 200 2318 "https://shop.gnet.it/products/corso-hubspot-basic" "Mozilla/5.0 (Macintosh; Intel Mac OS X 10_15_7) AppleWebKit/537.36 (KHTML, like Gecko) Chrome/93.0.4577.63 Safari/537.36"
93.147.139.239 - - [03/Sep/2021:15:24:02 +0000] "GET /payments/config?currency=EUR HTTP/1.1" 200 4113 "https://shop.gnet.it/products/corso-hubspot-basic" "Mozilla/5.0 (Macintosh; Intel Mac OS X 10_15_7) AppleWebKit/537.36 (KHTML, like Gecko) Chrome/93.0.4577.63 Safari/537.36"
93.147.139.239 - - [03/Sep/2021:15:24:02 +0000] "GET /recommendations/products?section_id=product-recommendations&product_id=6718320541871&limit=4 HTTP/1.1" 200 4154 "https://shop.gnet.it/products/corso-hubspot-basic" "Mozilla/5.0 (Macintosh; Intel Mac OS X 10_15_7) AppleWebKit/537.36 (KHTML, like Gecko) Chrome/93.0.4577.63 Safari/537.36"
93.147.139.239 - - [03/Sep/2021:15:24:31 +0000] "GET /products/corso-hubspot-crm-avanzato HTTP/1.1" 200 34242 "https://shop.gnet.it/collections/f-w-2021" "Mozilla/5.0 (Macintosh; Intel Mac OS X 10_15_7) AppleWebKit/537.36 (KHTML, like Gecko) Chrome/93.0.4577.63 Safari/537.36"
93.147.139.239 - - [03/Sep/2021:15:24:31 +0000] "GET //variants/40302102347951/?section_id=store-availability HTTP/1.1" 200 2325 "https://shop.gnet.it/products/corso-hubspot-crm-avanzato" "Mozilla/5.0 (Macintosh; Intel Mac OS X 10_15_7) AppleWebKit/537.36 (KHTML, like Gecko) Chrome/93.0.4577.63 Safari/537.36"
93.147.139.239 - - [03/Sep/2021:15:24:31 +0000] "GET /recommendations/products?section_id=product-recommendations&product_id=6842356596911&limit=4 HTTP/1.1" 200 4157 "https://shop.gnet.it/products/corso-hubspot-crm-avanzato" "Mozilla/5.0 (Macintosh; Intel Mac OS X 10_15_7) AppleWebKit/537.36 (KHTML, like Gecko) Chrome/93.0.4577.63 Safari/537.36"
93.147.139.239 - - [03/Sep/2021:15:24:31 +0000] "GET /payments/config?currency=EUR HTTP/1.1" 200 4112 "https://shop.gnet.it/products/corso-hubspot-crm-avanzato" "Mozilla/5.0 (Macintosh; Intel Mac OS X 10_15_7) AppleWebKit/537.36 (KHTML, like Gecko) Chrome/93.0.4577.63 Safari/537.36"
93.147.139.239 - - [03/Sep/2021:15:24:38 +0000] "GET /products/report-con-hubspot HTTP/1.1" 200 34886 "https://shop.gnet.it/collections/f-w-2021" "Mozilla/5.0 (Macintosh; Intel Mac OS X 10_15_7) AppleWebKit/537.36 (KHTML, like Gecko) Chrome/93.0.4577.63 Safari/537.36"
93.147.139.239 - - [03/Sep/2021:15:24:39 +0000] "GET //variants/40302413512879/?section_id=store-availability HTTP/1.1" 200 2318 "https://shop.gnet.it/products/report-con-hubspot" "Mozilla/5.0 (Macintosh; Intel Mac OS X 10_15_7) AppleWebKit/537.36 (KHTML, like Gecko) Chrome/93.0.4577.63 Safari/537.36"
93.147.139.239 - - [03/Sep/2021:15:24:39 +0000] "GET /payments/config?currency=EUR HTTP/1.1" 200 4112 "https://shop.gnet.it/products/report-con-hubspot" "Mozilla/5.0 (Macintosh; Intel Mac OS X 10_15_7) AppleWebKit/537.36 (KHTML, like Gecko) Chrome/93.0.4577.63 Safari/537.36"
93.147.139.239 - - [03/Sep/2021:15:24:39 +0000] "GET /recommendations/products?section_id=product-recommendations&product_id=6842432979119&limit=4 HTTP/1.1" 200 4193 "https://shop.gnet.it/products/report-con-hubspot" "Mozilla/5.0 (Macintosh; Intel Mac OS X 10_15_7) AppleWebKit/537.36 (KHTML, like Gecko) Chrome/93.0.4577.63 Safari/537.36"
93.147.139.239 - - [03/Sep/2021:15:24:46 +0000] "GET /collections/f-w-2021 HTTP/1.1" 200 30865 "https://shop.gnet.it/products/report-con-hubspot" "Mozilla/5.0 (Macintosh; Intel Mac OS X 10_15_7) AppleWebKit/537.36 (KHTML, like Gecko) Chrome/93.0.4577.63 Safari/537.36"
93.147.139.239 - - [03/Sep/2021:15:24:51 +0000] "GET /collections/all HTTP/1.1" 200 30980 "https://shop.gnet.it/collections/f-w-2021" "Mozilla/5.0 (Macintosh; Intel Mac OS X 10_15_7) AppleWebKit/537.36 (KHTML, like Gecko) Chrome/93.0.4577.63 Safari/537.36"
93.147.139.239 - - [03/Sep/2021:15:24:58 +0000] "GET /collections/all/unita-singola HTTP/1.1" 200 31643 "https://shop.gnet.it/collections/all" "Mozilla/5.0 (Macintosh; Intel Mac OS X 10_15_7) AppleWebKit/537.36 (KHTML, like Gecko) Chrome/93.0.4577.63 Safari/537.36"
93.147.139.239 - - [03/Sep/2021:15:25:05 +0000] "GET /products/deals-gestione-e-automazione HTTP/1.1" 200 35307 "https://shop.gnet.it/collections/all/unita-singola" "Mozilla/5.0 (Macintosh; Intel Mac OS X 10_15_7) AppleWebKit/537.36 (KHTML, like Gecko) Chrome/93.0.4577.63 Safari/537.36"
93.147.139.239 - - [03/Sep/2021:15:25:05 +0000] "GET //variants/40491043913903/?section_id=store-availability HTTP/1.1" 200 2318 "https://shop.gnet.it/products/deals-gestione-e-automazione" "Mozilla/5.0 (Macintosh; Intel Mac OS X 10_15_7) AppleWebKit/537.36 (KHTML, like Gecko) Chrome/93.0.4577.63 Safari/537.36"
93.147.139.239 - - [03/Sep/2021:15:25:06 +0000] "GET /payments/config?currency=EUR HTTP/1.1" 200 3557 "https://shop.gnet.it/products/deals-gestione-e-automazione" "Mozilla/5.0 (Macintosh; Intel Mac OS X 10_15_7) AppleWebKit/537.36 (KHTML, like Gecko) Chrome/93.0.4577.63 Safari/537.36"
93.147.139.239 - - [03/Sep/2021:15:25:06 +0000] "GET /recommendations/products?section_id=product-recommendations&product_id=6896172925103&limit=4 HTTP/1.1" 200 4150 "https://shop.gnet.it/products/deals-gestione-e-automazione" "Mozilla/5.0 (Macintosh; Intel Mac OS X 10_15_7) AppleWebKit/537.36 (KHTML, like Gecko) Chrome/93.0.4577.63 Safari/537.36"
93.147.139.239 - - [03/Sep/2021:15:25:11 +0000] "POST /wallets/checkouts.json HTTP/1.1" 201 9042 "https://shop.gnet.it/products/deals-gestione-e-automazione" "Mozilla/5.0 (Macintosh; Intel Mac OS X 10_15_7) AppleWebKit/537.36 (KHTML, like Gecko) Chrome/93.0.4577.63 Safari/537.36"
93.147.139.239 - - [03/Sep/2021:15:25:12 +0000] "GET /57167249583/checkouts/5aa5c61f8eb0e560326fc66e14af2be2?key=507fabdc7f4b383a1999c94ef3c768fe&skip_shopify_pay=true&locale=it HTTP/1.1" 200 27995 "https://shop.gnet.it/products/deals-gestione-e-automazione" "Mozilla/5.0 (Macintosh; Intel Mac OS X 10_15_7) AppleWebKit/537.36 (KHTML, like Gecko) Chrome/93.0.4577.63 Safari/537.36"
93.147.139.239 - - [03/Sep/2021:15:25:13 +0000] "GET /57167249583/digital_wallets/dialog HTTP/1.1" 200 3904 "https://shop.gnet.it/" "Mozilla/5.0 (Macintosh; Intel Mac OS X 10_15_7) AppleWebKit/537.36 (KHTML, like Gecko) Chrome/93.0.4577.63 Safari/537.36"
93.147.139.239 - - [03/Sep/2021:15:25:13 +0000] "GET /wallets/checkouts/5aa5c61f8eb0e560326fc66e14af2be2.json HTTP/1.1" 200 5720 "https://shop.gnet.it/" "Mozilla/5.0 (Macintosh; Intel Mac OS X 10_15_7) AppleWebKit/537.36 (KHTML, like Gecko) Chrome/93.0.4577.63 Safari/537.36"
93.147.139.239 - - [03/Sep/2021:15:25:13 +0000] "POST /csp-report?source%5Baction%5D=show&source%5Bapp%5D=Shopify&source%5Bcontroller%5D=checkouts%2Fweb%2Fcheckouts&source%5Bsection%5D=checkout&source%5Bshop_id%5D=57167249583&source%5Buuid%5D=b32cddf6-e43c-4a3d-a377-05d36bface0c HTTP/1.1" 200 1854 "https://shop.gnet.it/" "Mozilla/5.0 (Macintosh; Intel Mac OS X 10_15_7) AppleWebKit/537.36 (KHTML, like Gecko) Chrome/93.0.4577.63 Safari/537.36"
93.147.139.239 - - [03/Sep/2021:15:25:13 +0000] "POST /csp-report?source%5Baction%5D=show&source%5Bapp%5D=Shopify&source%5Bcontroller%5D=checkouts%2Fweb%2Fcheckouts&source%5Bsection%5D=checkout&source%5Bshop_id%5D=57167249583&source%5Buuid%5D=b32cddf6-e43c-4a3d-a377-05d36bface0c HTTP/1.1" 200 6490 "https://shop.gnet.it/" "Mozilla/5.0 (Macintosh; Intel Mac OS X 10_15_7) AppleWebKit/537.36 (KHTML, like Gecko) Chrome/93.0.4577.63 Safari/537.36"
93.147.139.239 - - [03/Sep/2021:15:25:13 +0000] "POST /csp-report?source%5Baction%5D=show&source%5Bapp%5D=Shopify&source%5Bcontroller%5D=checkouts%2Fweb%2Fcheckouts&source%5Bsection%5D=checkout&source%5Bshop_id%5D=57167249583&source%5Buuid%5D=b32cddf6-e43c-4a3d-a377-05d36bface0c HTTP/1.1" 200 6536 "https://shop.gnet.it/" "Mozilla/5.0 (Macintosh; Intel Mac OS X 10_15_7) AppleWebKit/537.36 (KHTML, like Gecko) Chrome/93.0.4577.63 Safari/537.36"
93.147.139.239 - - [03/Sep/2021:15:25:13 +0000] "POST /csp-report?source%5Baction%5D=show&source%5Bapp%5D=Shopify&source%5Bcontroller%5D=checkouts%2Fweb%2Fcheckouts&source%5Bsection%5D=checkout&source%5Bshop_id%5D=57167249583&source%5Buuid%5D=b32cddf6-e43c-4a3d-a377-05d36bface0c HTTP/1.1" 200 1854 "https://shop.gnet.it/" "Mozilla/5.0 (Macintosh; Intel Mac OS X 10_15_7) AppleWebKit/537.36 (KHTML, like Gecko) Chrome/93.0.4577.63 Safari/537.36"
93.147.139.239 - - [03/Sep/2021:15:25:13 +0000] "POST /csp-report?source%5Baction%5D=show&source%5Bapp%5D=Shopify&source%5Bcontroller%5D=checkouts%2Fweb%2Fcheckouts&source%5Bsection%5D=checkout&source%5Bshop_id%5D=57167249583&source%5Buuid%5D=b32cddf6-e43c-4a3d-a377-05d36bface0c HTTP/1.1" 200 1298 "https://shop.gnet.it/" "Mozilla/5.0 (Macintosh; Intel Mac OS X 10_15_7) AppleWebKit/537.36 (KHTML, like Gecko) Chrome/93.0.4577.63 Safari/537.36"
93.147.139.239 - - [03/Sep/2021:15:25:13 +0000] "GET /wallets/checkouts/5aa5c61f8eb0e560326fc66e14af2be2.json HTTP/1.1" 200 5693 "https://shop.gnet.it/" "Mozilla/5.0 (Macintosh; Intel Mac OS X 10_15_7) AppleWebKit/537.36 (KHTML, like Gecko) Chrome/93.0.4577.63 Safari/537.36"
93.147.139.239 - - [03/Sep/2021:15:25:14 +0000] "GET /wallets/checkouts/5aa5c61f8eb0e560326fc66e14af2be2.json HTTP/1.1" 200 5708 "https://shop.gnet.it/" "Mozilla/5.0 (Macintosh; Intel Mac OS X 10_15_7) AppleWebKit/537.36 (KHTML, like Gecko) Chrome/93.0.4577.63 Safari/537.36"
93.147.139.239 - - [03/Sep/2021:15:25:14 +0000] "GET /favicon.ico HTTP/1.1" 404 28837 "https://shop.gnet.it/" "Mozilla/5.0 (Macintosh; Intel Mac OS X 10_15_7) AppleWebKit/537.36 (KHTML, like Gecko) Chrome/93.0.4577.63 Safari/537.36"
93.147.139.239 - - [03/Sep/2021:15:31:16 +0000] "GET / HTTP/1.1" 200 40022 "-" "Mozilla/5.0 (Macintosh; Intel Mac OS X 10_15_7) AppleWebKit/605.1.15 (KHTML, like Gecko) Version/14.1.2 Safari/605.1.15"
37.159.4.154 - - [03/Sep/2021:16:13:11 +0000] "GET / HTTP/1.1" 200 40093 "-" "Mozilla/5.0 (iPhone; CPU iPhone OS 14_6 like Mac OS X) AppleWebKit/605.1.15 (KHTML, like Gecko) Version/14.1.1 Mobile/15E148 Safari/604.1"
185.16.133.58 - - [03/Sep/2021:19:14:20 +0000] "GET / HTTP/1.1" 200 39891 "-" "Mozilla/5.0 (Macintosh; Intel Mac OS X 10_15_7) AppleWebKit/537.36 (KHTML, like Gecko) Chrome/92.0.4515.159 Safari/537.36"
185.16.133.58 - - [03/Sep/2021:19:14:53 +0000] "GET / HTTP/1.1" 200 35133 "-" "Mozilla/5.0 (Macintosh; Intel Mac OS X 10_15_7) AppleWebKit/537.36 (KHTML, like Gecko) Chrome/92.0.4515.159 Safari/537.36"
66.249.66.142 - - [03/Sep/2021:23:40:04 +0000] "GET /products/corso-hubspot-basic HTTP/1.1" 200 39587 "-" "Mozilla/5.0 (Linux; Android 6.0.1; Nexus 5X Build/MMB29P) AppleWebKit/537.36 (KHTML, like Gecko) Chrome/92.0.4515.119 Mobile Safari/537.36 (compatible; Googlebot/2.1; +http://www.google.com/bot.html)"
144.86.173.74 - - [04/Sep/2021:00:02:38 +0000] "GET / HTTP/1.1" 200 209445 "-" "Expanse, a Palo Alto Networks company, searches across the global IPv4 space multiple times per day to identify customers&#39; presences on the Internet. If you would like to be excluded from our scans, please send IP addresses/domains to: scaninfo@paloaltonetworks.com"
66.249.66.144 - - [04/Sep/2021:00:14:21 +0000] "GET /blogs/news/hubspot-per-trovare-clienti-nel-2020 HTTP/1.1" 404 33194 "-" "Mozilla/5.0 (Linux; Android 6.0.1; Nexus 5X Build/MMB29P) AppleWebKit/537.36 (KHTML, like Gecko) Chrome/92.0.4515.119 Mobile Safari/537.36 (compatible; Googlebot/2.1; +http://www.google.com/bot.html)"
92.118.160.57 - - [04/Sep/2021:00:14:24 +0000] "GET / HTTP/1.1" 200 209471 "http://35.233.102.46:80/" "Go http package"
66.249.66.144 - - [04/Sep/2021:00:57:12 +0000] "GET /products/report-con-hubspot HTTP/1.1" 200 39916 "-" "Mozilla/5.0 (Linux; Android 6.0.1; Nexus 5X Build/MMB29P) AppleWebKit/537.36 (KHTML, like Gecko) Chrome/92.0.4515.119 Mobile Safari/537.36 (compatible; Googlebot/2.1; +http://www.google.com/bot.html)"
54.93.226.219 - - [04/Sep/2021:01:36:26 +0000] "GET /robots.txt HTTP/1.1" 200 10119 "-" "zoombot (linkbot 1.0 http://suite.seozoom.it/bot.html)"
54.93.226.219 - - [04/Sep/2021:01:36:26 +0000] "HEAD /products/landing-page HTTP/1.1" 200 2403 "-" "ZoomBot (Linkbot 1.0 http://suite.seozoom.it/bot.html)"
54.93.226.219 - - [04/Sep/2021:01:36:27 +0000] "GET /products/landing-page HTTP/1.1" 200 37694 "-" "ZoomBot (Linkbot 1.0 http://suite.seozoom.it/bot.html)"
66.249.66.142 - - [04/Sep/2021:02:31:29 +0000] "GET /products/report-con-hubspot HTTP/1.1" 200 40055 "-" "Mozilla/5.0 (Linux; Android 6.0.1; Nexus 5X Build/MMB29P) AppleWebKit/537.36 (KHTML, like Gecko) Chrome/92.0.4515.119 Mobile Safari/537.36 (compatible; Googlebot/2.1; +http://www.google.com/bot.html)"
66.249.66.140 - - [04/Sep/2021:04:12:43 +0000] "GET /products/automatismi-workflow HTTP/1.1" 200 40333 "-" "Mozilla/5.0 (compatible; Googlebot/2.1; +http://www.google.com/bot.html)"
66.249.66.142 - - [04/Sep/2021:04:12:48 +0000] "GET //variants/40397889700015/?section_id=store-availability HTTP/1.1" 200 7457 "https://shop.gnet.it/products/automatismi-workflow" "Mozilla/5.0 AppleWebKit/537.36 (KHTML, like Gecko; compatible; Googlebot/2.1; +http://www.google.com/bot.html) Chrome/92.0.4515.119 Safari/537.36"
66.249.66.142 - - [04/Sep/2021:04:12:51 +0000] "GET /recommendations/products?section_id=product-recommendations&product_id=6873165004975&limit=4 HTTP/1.1" 200 3625 "https://shop.gnet.it/products/automatismi-workflow" "Mozilla/5.0 AppleWebKit/537.36 (KHTML, like Gecko; compatible; Googlebot/2.1; +http://www.google.com/bot.html) Chrome/92.0.4515.119 Safari/537.36"
66.249.66.140 - - [04/Sep/2021:04:14:18 +0000] "GET /products/automatismi-workflow HTTP/1.1" 200 40276 "-" "Mozilla/5.0 (Linux; Android 6.0.1; Nexus 5X Build/MMB29P) AppleWebKit/537.36 (KHTML, like Gecko) Chrome/92.0.4515.119 Mobile Safari/537.36 (compatible; Googlebot/2.1; +http://www.google.com/bot.html)"
66.249.66.142 - - [04/Sep/2021:04:14:20 +0000] "GET /products/report-custom-web-analytics?pr_prod_strat=collection_fallback&pr_rec_pid=6873176801455&pr_ref_pid=6842432979119&pr_seq=uniform HTTP/1.1" 200 41429 "-" "Mozilla/5.0 (Linux; Android 6.0.1; Nexus 5X Build/MMB29P) AppleWebKit/537.36 (KHTML, like Gecko) Chrome/92.0.4515.119 Mobile Safari/537.36 (compatible; Googlebot/2.1; +http://www.google.com/bot.html)"
66.249.66.142 - - [04/Sep/2021:04:14:29 +0000] "GET /products/automatismi-workflow?pr_prod_strat=collection_fallback&pr_rec_pid=6873165004975&pr_ref_pid=6873176801455&pr_seq=uniform HTTP/1.1" 200 40530 "-" "Mozilla/5.0 (Linux; Android 6.0.1; Nexus 5X Build/MMB29P) AppleWebKit/537.36 (KHTML, like Gecko) Chrome/92.0.4515.119 Mobile Safari/537.36 (compatible; Googlebot/2.1; +http://www.google.com/bot.html)"
66.249.66.142 - - [04/Sep/2021:04:14:32 +0000] "GET /products/email-marketing-email-di-followup HTTP/1.1" 200 35387 "-" "Mozilla/5.0 (compatible; Googlebot/2.1; +http://www.google.com/bot.html)"
66.249.66.142 - - [04/Sep/2021:05:14:17 +0000] "GET /products/form-chatbot-cta HTTP/1.1" 200 41984 "-" "Mozilla/5.0 (Linux; Android 6.0.1; Nexus 5X Build/MMB29P) AppleWebKit/537.36 (KHTML, like Gecko) Chrome/92.0.4515.119 Mobile Safari/537.36 (compatible; Googlebot/2.1; +http://www.google.com/bot.html)"
66.249.66.140 - - [04/Sep/2021:05:14:22 +0000] "GET //variants/40397717897391/?section_id=store-availability HTTP/1.1" 200 7457 "https://shop.gnet.it/products/form-chatbot-cta" "Mozilla/5.0 (Linux; Android 6.0.1; Nexus 5X Build/MMB29P) AppleWebKit/537.36 (KHTML, like Gecko) Chrome/92.0.4515.119 Mobile Safari/537.36 (compatible; Googlebot/2.1; +http://www.google.com/bot.html)"
