35.233.102.46 - - [03/Sep/2021:13:01:12 +0000] "GET /cart HTTP/1.1" 200 31667 "https://shop.gnet.it/products/email-marketing-email-di-followup?_pos=1&_psq=email&_ss=e&_v=1.0" "Mozilla/5.0 (Macintosh; Intel Mac OS X 10_15_7) AppleWebKit/537.36 (KHTML, like Gecko) Chrome/92.0.4515.159 Safari/537.36"
93.147.139.239 - - [03/Sep/2021:13:01:13 +0000] "POST /cart/add.js HTTP/1.1" 200 5488 "https://shop.gnet.it/products/email-marketing-email-di-followup" "Mozilla/5.0 (Macintosh; Intel Mac OS X 10_15_7) AppleWebKit/537.36 (KHTML, like Gecko) Chrome/92.0.4515.159 Safari/537.36"
35.233.102.46 - - [03/Sep/2021:13:01:13 +0000] "GET /payments/config?currency=EUR HTTP/1.1" 200 3543 "https://shop.gnet.it/cart" "Mozilla/5.0 (Macintosh; Intel Mac OS X 10_15_7) AppleWebKit/537.36 (KHTML, like Gecko) Chrome/92.0.4515.159 Safari/537.36"
35.233.102.46 - - [03/Sep/2021:13:01:13 +0000] "GET /cart.js HTTP/1.1" 200 9425 "https://shop.gnet.it/cart" "Mozilla/5.0 (Macintosh; Intel Mac OS X 10_15_7) AppleWebKit/537.36 (KHTML, like Gecko) Chrome/92.0.4515.159 Safari/537.36"
93.147.139.239 - - [03/Sep/2021:13:01:13 +0000] "GET /cart.js HTTP/1.1" 200 5300 "https://shop.gnet.it/products/email-marketing-email-di-followup" "Mozilla/5.0 (Macintosh; Intel Mac OS X 10_15_7) AppleWebKit/537.36 (KHTML, like Gecko) Chrome/92.0.4515.159 Safari/537.36"
35.233.102.46 - - [03/Sep/2021:13:01:14 +0000] "GET /cart.js HTTP/1.1" 200 9335 "https://shop.gnet.it/cart" "Mozilla/5.0 (Macintosh; Intel Mac OS X 10_15_7) AppleWebKit/537.36 (KHTML, like Gecko) Chrome/92.0.4515.159 Safari/537.36"
35.233.102.46 - - [03/Sep/2021:13:01:14 +0000] "GET /cart.js HTTP/1.1" 200 9410 "https://shop.gnet.it/cart" "Mozilla/5.0 (Macintosh; Intel Mac OS X 10_15_7) AppleWebKit/537.36 (KHTML, like Gecko) Chrome/92.0.4515.159 Safari/537.36"
35.233.102.46 - - [03/Sep/2021:13:01:14 +0000] "GET /cart.js HTTP/1.1" 200 9391 "https://shop.gnet.it/cart" "Mozilla/5.0 (Macintosh; Intel Mac OS X 10_15_7) AppleWebKit/537.36 (KHTML, like Gecko) Chrome/92.0.4515.159 Safari/537.36"
35.233.102.46 - - [03/Sep/2021:13:01:15 +0000] "POST /csp-report HTTP/1.1" 200 1298 "https://shop.gnet.it/cart" "Mozilla/5.0 (Macintosh; Intel Mac OS X 10_15_7) AppleWebKit/537.36 (KHTML, like Gecko) Chrome/92.0.4515.159 Safari/537.36"
35.233.102.46 - - [03/Sep/2021:13:01:15 +0000] "POST /csp-report HTTP/1.1" 200 1858 "https://shop.gnet.it/cart" "Mozilla/5.0 (Macintosh; Intel Mac OS X 10_15_7) AppleWebKit/537.36 (KHTML, like Gecko) Chrome/92.0.4515.159 Safari/537.36"
35.233.102.46 - - [03/Sep/2021:13:01:15 +0000] "POST /csp-report HTTP/1.1" 200 1298 "https://shop.gnet.it/cart" "Mozilla/5.0 (Macintosh; Intel Mac OS X 10_15_7) AppleWebKit/537.36 (KHTML, like Gecko) Chrome/92.0.4515.159 Safari/537.36"
93.147.139.239 - - [03/Sep/2021:13:01:15 +0000] "GET /cart HTTP/1.1" 200 30173 "https://shop.gnet.it/products/email-marketing-email-di-followup" "Mozilla/5.0 (Macintosh; Intel Mac OS X 10_15_7) AppleWebKit/537.36 (KHTML, like Gecko) Chrome/92.0.4515.159 Safari/537.36"
93.147.139.239 - - [03/Sep/2021:13:01:17 +0000] "GET /payments/config?currency=EUR HTTP/1.1" 200 3548 "https://shop.gnet.it/cart" "Mozilla/5.0 (Macintosh; Intel Mac OS X 10_15_7) AppleWebKit/537.36 (KHTML, like Gecko) Chrome/92.0.4515.159 Safari/537.36"
93.147.139.239 - - [03/Sep/2021:13:01:17 +0000] "GET /cart.js HTTP/1.1" 200 5351 "https://shop.gnet.it/cart" "Mozilla/5.0 (Macintosh; Intel Mac OS X 10_15_7) AppleWebKit/537.36 (KHTML, like Gecko) Chrome/92.0.4515.159 Safari/537.36"
35.233.102.46 - - [03/Sep/2021:13:01:17 +0000] "POST /cart/change.js HTTP/1.1" 200 9675 "https://shop.gnet.it/cart" "Mozilla/5.0 (Macintosh; Intel Mac OS X 10_15_7) AppleWebKit/537.36 (KHTML, like Gecko) Chrome/92.0.4515.159 Safari/537.36"
93.147.139.239 - - [03/Sep/2021:13:01:17 +0000] "GET /cart.js HTTP/1.1" 200 4259 "https://shop.gnet.it/cart" "Mozilla/5.0 (Macintosh; Intel Mac OS X 10_15_7) AppleWebKit/537.36 (KHTML, like Gecko) Chrome/92.0.4515.159 Safari/537.36"
93.147.139.239 - - [03/Sep/2021:13:01:17 +0000] "POST /csp-report HTTP/1.1" 200 1858 "https://shop.gnet.it/cart" "Mozilla/5.0 (Macintosh; Intel Mac OS X 10_15_7) AppleWebKit/537.36 (KHTML, like Gecko) Chrome/92.0.4515.159 Safari/537.36"
93.147.139.239 - - [03/Sep/2021:13:01:18 +0000] "GET /cart.js HTTP/1.1" 200 4312 "https://shop.gnet.it/cart" "Mozilla/5.0 (Macintosh; Intel Mac OS X 10_15_7) AppleWebKit/537.36 (KHTML, like Gecko) Chrome/92.0.4515.159 Safari/537.36"
93.147.139.239 - - [03/Sep/2021:13:01:18 +0000] "POST /csp-report HTTP/1.1" 200 1298 "https://shop.gnet.it/cart" "Mozilla/5.0 (Macintosh; Intel Mac OS X 10_15_7) AppleWebKit/537.36 (KHTML, like Gecko) Chrome/92.0.4515.159 Safari/537.36"
93.147.139.239 - - [03/Sep/2021:13:01:18 +0000] "POST /57167249583/checkouts/2e928d5b58f11ae841f5805263f4a6f7 HTTP/1.1" 200 34007 "https://shop.gnet.it/" "Mozilla/5.0 (Macintosh; Intel Mac OS X 10_15_7) AppleWebKit/605.1.15 (KHTML, like Gecko) Version/14.1.2 Safari/605.1.15"
93.147.139.239 - - [03/Sep/2021:13:01:19 +0000] "GET /cart.js HTTP/1.1" 200 4312 "https://shop.gnet.it/cart" "Mozilla/5.0 (Macintosh; Intel Mac OS X 10_15_7) AppleWebKit/537.36 (KHTML, like Gecko) Chrome/92.0.4515.159 Safari/537.36"
93.147.139.239 - - [03/Sep/2021:13:01:20 +0000] "GET /cart.js HTTP/1.1" 200 5304 "https://shop.gnet.it/cart" "Mozilla/5.0 (Macintosh; Intel Mac OS X 10_15_7) AppleWebKit/537.36 (KHTML, like Gecko) Chrome/92.0.4515.159 Safari/537.36"
93.147.139.239 - - [03/Sep/2021:13:01:20 +0000] "GET /57167249583/digital_wallets/dialog HTTP/1.1" 200 3344 "https://shop.gnet.it/" "Mozilla/5.0 (Macintosh; Intel Mac OS X 10_15_7) AppleWebKit/605.1.15 (KHTML, like Gecko) Version/14.1.2 Safari/605.1.15"
93.147.139.239 - - [03/Sep/2021:13:01:20 +0000] "POST /csp-report?source%5Baction%5D=update&source%5Bapp%5D=Shopify&source%5Bcontroller%5D=checkouts%2Fweb%2Fcheckouts&source%5Bsection%5D=checkout&source%5Bshop_id%5D=57167249583&source%5Buuid%5D=dff97702-becb-4dc6-8f99-b6045bf19916 HTTP/1.1" 200 6490 "https://shop.gnet.it/" "Mozilla/5.0 (Macintosh; Intel Mac OS X 10_15_7) AppleWebKit/605.1.15 (KHTML, like Gecko) Version/14.1.2 Safari/605.1.15"
93.147.139.239 - - [03/Sep/2021:13:01:20 +0000] "POST /csp-report?source%5Baction%5D=update&source%5Bapp%5D=Shopify&source%5Bcontroller%5D=checkouts%2Fweb%2Fcheckouts&source%5Bsection%5D=checkout&source%5Bshop_id%5D=57167249583&source%5Buuid%5D=dff97702-becb-4dc6-8f99-b6045bf19916 HTTP/1.1" 200 6490 "https://shop.gnet.it/" "Mozilla/5.0 (Macintosh; Intel Mac OS X 10_15_7) AppleWebKit/605.1.15 (KHTML, like Gecko) Version/14.1.2 Safari/605.1.15"
93.147.139.239 - - [03/Sep/2021:13:01:20 +0000] "POST /csp-report?source%5Baction%5D=update&source%5Bapp%5D=Shopify&source%5Bcontroller%5D=checkouts%2Fweb%2Fcheckouts&source%5Bsection%5D=checkout&source%5Bshop_id%5D=57167249583&source%5Buuid%5D=dff97702-becb-4dc6-8f99-b6045bf19916 HTTP/1.1" 200 6486 "https://shop.gnet.it/" "Mozilla/5.0 (Macintosh; Intel Mac OS X 10_15_7) AppleWebKit/605.1.15 (KHTML, like Gecko) Version/14.1.2 Safari/605.1.15"
35.233.102.46 - - [03/Sep/2021:13:01:20 +0000] "POST /cart/change.js HTTP/1.1" 200 8505 "https://shop.gnet.it/cart" "Mozilla/5.0 (Macintosh; Intel Mac OS X 10_15_7) AppleWebKit/537.36 (KHTML, like Gecko) Chrome/92.0.4515.159 Safari/537.36"
93.147.139.239 - - [03/Sep/2021:13:01:20 +0000] "POST /cart/change.js HTTP/1.1" 200 5449 "https://shop.gnet.it/cart" "Mozilla/5.0 (Macintosh; Intel Mac OS X 10_15_7) AppleWebKit/537.36 (KHTML, like Gecko) Chrome/92.0.4515.159 Safari/537.36"
35.233.102.46 - - [03/Sep/2021:13:01:22 +0000] "POST /cart/change.js HTTP/1.1" 200 7115 "https://shop.gnet.it/cart" "Mozilla/5.0 (Macintosh; Intel Mac OS X 10_15_7) AppleWebKit/537.36 (KHTML, like Gecko) Chrome/92.0.4515.159 Safari/537.36"
93.147.139.239 - - [03/Sep/2021:13:01:22 +0000] "POST /cart HTTP/1.1" 302 4145 "https://shop.gnet.it/cart" "Mozilla/5.0 (Macintosh; Intel Mac OS X 10_15_7) AppleWebKit/537.36 (KHTML, like Gecko) Chrome/92.0.4515.159 Safari/537.36"
93.147.139.239 - - [03/Sep/2021:13:01:23 +0000] "GET /57167249583/checkouts/02fa7b025521c6ed0d9f01c87b4ea16b?_ga=2.266691016.752323519.1630306151-1566014620.1602762265 HTTP/1.1" 200 27932 "https://shop.gnet.it/cart" "Mozilla/5.0 (Macintosh; Intel Mac OS X 10_15_7) AppleWebKit/537.36 (KHTML, like Gecko) Chrome/92.0.4515.159 Safari/537.36"
35.233.102.46 - - [03/Sep/2021:13:01:24 +0000] "POST /cart/change.js HTTP/1.1" 200 5455 "https://shop.gnet.it/cart" "Mozilla/5.0 (Macintosh; Intel Mac OS X 10_15_7) AppleWebKit/537.36 (KHTML, like Gecko) Chrome/92.0.4515.159 Safari/537.36"
93.147.139.239 - - [03/Sep/2021:13:01:25 +0000] "GET /57167249583/digital_wallets/dialog HTTP/1.1" 200 3344 "https://shop.gnet.it/" "Mozilla/5.0 (Macintosh; Intel Mac OS X 10_15_7) AppleWebKit/537.36 (KHTML, like Gecko) Chrome/92.0.4515.159 Safari/537.36"
93.147.139.239 - - [03/Sep/2021:13:01:25 +0000] "POST /csp-report?source%5Baction%5D=show&source%5Bapp%5D=Shopify&source%5Bcontroller%5D=checkouts%2Fweb%2Fcheckouts&source%5Bsection%5D=checkout&source%5Bshop_id%5D=57167249583&source%5Buuid%5D=80c72b59-e970-4740-9480-0231c035d656 HTTP/1.1" 200 1858 "https://shop.gnet.it/" "Mozilla/5.0 (Macintosh; Intel Mac OS X 10_15_7) AppleWebKit/537.36 (KHTML, like Gecko) Chrome/92.0.4515.159 Safari/537.36"
93.147.139.239 - - [03/Sep/2021:13:01:25 +0000] "POST /csp-report?source%5Baction%5D=show&source%5Bapp%5D=Shopify&source%5Bcontroller%5D=checkouts%2Fweb%2Fcheckouts&source%5Bsection%5D=checkout&source%5Bshop_id%5D=57167249583&source%5Buuid%5D=80c72b59-e970-4740-9480-0231c035d656 HTTP/1.1" 200 1298 "https://shop.gnet.it/" "Mozilla/5.0 (Macintosh; Intel Mac OS X 10_15_7) AppleWebKit/537.36 (KHTML, like Gecko) Chrome/92.0.4515.159 Safari/537.36"
93.147.139.239 - - [03/Sep/2021:13:01:25 +0000] "POST /csp-report?source%5Baction%5D=show&source%5Bapp%5D=Shopify&source%5Bcontroller%5D=checkouts%2Fweb%2Fcheckouts&source%5Bsection%5D=checkout&source%5Bshop_id%5D=57167249583&source%5Buuid%5D=80c72b59-e970-4740-9480-0231c035d656 HTTP/1.1" 200 1858 "https://shop.gnet.it/" "Mozilla/5.0 (Macintosh; Intel Mac OS X 10_15_7) AppleWebKit/537.36 (KHTML, like Gecko) Chrome/92.0.4515.159 Safari/537.36"
35.233.102.46 - - [03/Sep/2021:13:01:26 +0000] "POST /cart HTTP/1.1" 302 4744 "https://shop.gnet.it/cart" "Mozilla/5.0 (Macintosh; Intel Mac OS X 10_15_7) AppleWebKit/537.36 (KHTML, like Gecko) Chrome/92.0.4515.159 Safari/537.36"
93.147.139.239 - - [03/Sep/2021:13:01:27 +0000] "GET /search/suggest.json?q=e&resources[type]=product&resources[options][unavailable_products]=last&resources[options][fields]=title,vendor,product_type,variants.title& HTTP/1.1" 200 14265 "https://shop.gnet.it/" "Mozilla/5.0 (Macintosh; Intel Mac OS X 10_15_7) AppleWebKit/605.1.15 (KHTML, like Gecko) Version/14.1.2 Safari/605.1.15"
93.147.139.239 - - [03/Sep/2021:13:01:27 +0000] "GET /search/suggest.json?q=em&resources[type]=product&resources[options][unavailable_products]=last&resources[options][fields]=title,vendor,product_type,variants.title& HTTP/1.1" 200 10687 "https://shop.gnet.it/" "Mozilla/5.0 (Macintosh; Intel Mac OS X 10_15_7) AppleWebKit/605.1.15 (KHTML, like Gecko) Version/14.1.2 Safari/605.1.15"
93.147.139.239 - - [03/Sep/2021:13:01:27 +0000] "GET /search/suggest.json?q=ema&resources[type]=product&resources[options][unavailable_products]=last&resources[options][fields]=title,vendor,product_type,variants.title& HTTP/1.1" 200 10652 "https://shop.gnet.it/" "Mozilla/5.0 (Macintosh; Intel Mac OS X 10_15_7) AppleWebKit/605.1.15 (KHTML, like Gecko) Version/14.1.2 Safari/605.1.15"
93.147.139.239 - - [03/Sep/2021:13:01:27 +0000] "GET /search/suggest.json?q=emai&resources[type]=product&resources[options][unavailable_products]=last&resources[options][fields]=title,vendor,product_type,variants.title& HTTP/1.1" 200 5461 "https://shop.gnet.it/" "Mozilla/5.0 (Macintosh; Intel Mac OS X 10_15_7) AppleWebKit/605.1.15 (KHTML, like Gecko) Version/14.1.2 Safari/605.1.15"
93.147.139.239 - - [03/Sep/2021:13:01:27 +0000] "GET /search/suggest.json?q=email&resources[type]=product&resources[options][unavailable_products]=last&resources[options][fields]=title,vendor,product_type,variants.title& HTTP/1.1" 200 5464 "https://shop.gnet.it/" "Mozilla/5.0 (Macintosh; Intel Mac OS X 10_15_7) AppleWebKit/605.1.15 (KHTML, like Gecko) Version/14.1.2 Safari/605.1.15"
93.147.139.239 - - [03/Sep/2021:13:01:28 +0000] "GET /search/suggest.json?q=email%20&resources[type]=product&resources[options][unavailable_products]=last&resources[options][fields]=title,vendor,product_type,variants.title& HTTP/1.1" 200 5494 "https://shop.gnet.it/" "Mozilla/5.0 (Macintosh; Intel Mac OS X 10_15_7) AppleWebKit/605.1.15 (KHTML, like Gecko) Version/14.1.2 Safari/605.1.15"
35.233.102.46 - - [03/Sep/2021:13:01:27 +0000] "GET /57167249583/checkouts/28def642cedde02c2b183550b7642cd0?_ga=2.261259790.2041677635.1630307662-2125928466.1562147440 HTTP/1.1" 200 28091 "https://shop.gnet.it/cart" "Mozilla/5.0 (Macintosh; Intel Mac OS X 10_15_7) AppleWebKit/537.36 (KHTML, like Gecko) Chrome/92.0.4515.159 Safari/537.36"
35.233.102.46 - - [03/Sep/2021:13:01:29 +0000] "GET /57167249583/digital_wallets/dialog HTTP/1.1" 200 3390 "https://shop.gnet.it/" "Mozilla/5.0 (Macintosh; Intel Mac OS X 10_15_7) AppleWebKit/537.36 (KHTML, like Gecko) Chrome/92.0.4515.159 Safari/537.36"
35.233.102.46 - - [03/Sep/2021:13:01:29 +0000] "POST /csp-report?source%5Baction%5D=show&source%5Bapp%5D=Shopify&source%5Bcontroller%5D=checkouts%2Fweb%2Fcheckouts&source%5Bsection%5D=checkout&source%5Bshop_id%5D=57167249583&source%5Buuid%5D=edf11a3a-bce9-442d-917f-9bdfa13da127 HTTP/1.1" 200 1858 "https://shop.gnet.it/" "Mozilla/5.0 (Macintosh; Intel Mac OS X 10_15_7) AppleWebKit/537.36 (KHTML, like Gecko) Chrome/92.0.4515.159 Safari/537.36"
35.233.102.46 - - [03/Sep/2021:13:01:29 +0000] "POST /csp-report?source%5Baction%5D=show&source%5Bapp%5D=Shopify&source%5Bcontroller%5D=checkouts%2Fweb%2Fcheckouts&source%5Bsection%5D=checkout&source%5Bshop_id%5D=57167249583&source%5Buuid%5D=edf11a3a-bce9-442d-917f-9bdfa13da127 HTTP/1.1" 200 1858 "https://shop.gnet.it/" "Mozilla/5.0 (Macintosh; Intel Mac OS X 10_15_7) AppleWebKit/537.36 (KHTML, like Gecko) Chrome/92.0.4515.159 Safari/537.36"
35.233.102.46 - - [03/Sep/2021:13:01:29 +0000] "POST /csp-report?source%5Baction%5D=show&source%5Bapp%5D=Shopify&source%5Bcontroller%5D=checkouts%2Fweb%2Fcheckouts&source%5Bsection%5D=checkout&source%5Bshop_id%5D=57167249583&source%5Buuid%5D=edf11a3a-bce9-442d-917f-9bdfa13da127 HTTP/1.1" 200 6490 "https://shop.gnet.it/" "Mozilla/5.0 (Macintosh; Intel Mac OS X 10_15_7) AppleWebKit/537.36 (KHTML, like Gecko) Chrome/92.0.4515.159 Safari/537.36"
93.147.139.239 - - [03/Sep/2021:13:01:30 +0000] "GET /products/email-marketing-email-di-followup?_pos=1&_psq=email%20&_ss=e&_v=1.0 HTTP/1.1" 200 34967 "https://shop.gnet.it/" "Mozilla/5.0 (Macintosh; Intel Mac OS X 10_15_7) AppleWebKit/605.1.15 (KHTML, like Gecko) Version/14.1.2 Safari/605.1.15"
93.147.139.239 - - [03/Sep/2021:13:01:30 +0000] "GET //variants/40397853065391/?section_id=store-availability HTTP/1.1" 200 2318 "https://shop.gnet.it/products/email-marketing-email-di-followup?_pos=1&_psq=email%20&_ss=e&_v=1.0" "Mozilla/5.0 (Macintosh; Intel Mac OS X 10_15_7) AppleWebKit/605.1.15 (KHTML, like Gecko) Version/14.1.2 Safari/605.1.15"
93.147.139.239 - - [03/Sep/2021:13:01:30 +0000] "GET /recommendations/products?section_id=product-recommendations&product_id=6873138692271&limit=4 HTTP/1.1" 200 3604 "https://shop.gnet.it/products/email-marketing-email-di-followup?_pos=1&_psq=email%20&_ss=e&_v=1.0" "Mozilla/5.0 (Macintosh; Intel Mac OS X 10_15_7) AppleWebKit/605.1.15 (KHTML, like Gecko) Version/14.1.2 Safari/605.1.15"
93.147.139.239 - - [03/Sep/2021:13:01:31 +0000] "GET /payments/config?currency=EUR HTTP/1.1" 200 3543 "https://shop.gnet.it/products/email-marketing-email-di-followup?_pos=1&_psq=email%20&_ss=e&_v=1.0" "Mozilla/5.0 (Macintosh; Intel Mac OS X 10_15_7) AppleWebKit/605.1.15 (KHTML, like Gecko) Version/14.1.2 Safari/605.1.15"
93.147.139.239 - - [03/Sep/2021:13:01:31 +0000] "POST /api/graphql HTTP/1.1" 400 1556 "https://shop.gnet.it/products/email-marketing-email-di-followup?_pos=1&_psq=email%20&_ss=e&_v=1.0" "Mozilla/5.0 (Macintosh; Intel Mac OS X 10_15_7) AppleWebKit/605.1.15 (KHTML, like Gecko) Version/14.1.2 Safari/605.1.15"
93.147.139.239 - - [03/Sep/2021:13:01:32 +0000] "POST /cart/add.js HTTP/1.1" 200 5422 "https://shop.gnet.it/products/email-marketing-email-di-followup?_pos=1&_psq=email%20&_ss=e&_v=1.0" "Mozilla/5.0 (Macintosh; Intel Mac OS X 10_15_7) AppleWebKit/605.1.15 (KHTML, like Gecko) Version/14.1.2 Safari/605.1.15"
93.147.139.239 - - [03/Sep/2021:13:01:32 +0000] "GET /cart.js HTTP/1.1" 200 4354 "https://shop.gnet.it/products/email-marketing-email-di-followup?_pos=1&_psq=email%20&_ss=e&_v=1.0" "Mozilla/5.0 (Macintosh; Intel Mac OS X 10_15_7) AppleWebKit/605.1.15 (KHTML, like Gecko) Version/14.1.2 Safari/605.1.15"
35.233.102.46 - - [03/Sep/2021:13:01:34 +0000] "POST /57167249583/checkouts/28def642cedde02c2b183550b7642cd0 HTTP/1.1" 302 4381 "https://shop.gnet.it/" "Mozilla/5.0 (Macintosh; Intel Mac OS X 10_15_7) AppleWebKit/537.36 (KHTML, like Gecko) Chrome/92.0.4515.159 Safari/537.36"
93.147.139.239 - - [03/Sep/2021:13:01:34 +0000] "GET /cart HTTP/1.1" 200 30104 "https://shop.gnet.it/products/email-marketing-email-di-followup?_pos=1&_psq=email%20&_ss=e&_v=1.0" "Mozilla/5.0 (Macintosh; Intel Mac OS X 10_15_7) AppleWebKit/605.1.15 (KHTML, like Gecko) Version/14.1.2 Safari/605.1.15"
93.147.139.239 - - [03/Sep/2021:13:01:35 +0000] "GET /payments/config?currency=EUR HTTP/1.1" 200 3548 "https://shop.gnet.it/cart" "Mozilla/5.0 (Macintosh; Intel Mac OS X 10_15_7) AppleWebKit/605.1.15 (KHTML, like Gecko) Version/14.1.2 Safari/605.1.15"
35.233.102.46 - - [03/Sep/2021:13:01:34 +0000] "GET /57167249583/checkouts/28def642cedde02c2b183550b7642cd0?step=contact_information HTTP/1.1" 200 27450 "https://shop.gnet.it/" "Mozilla/5.0 (Macintosh; Intel Mac OS X 10_15_7) AppleWebKit/537.36 (KHTML, like Gecko) Chrome/92.0.4515.159 Safari/537.36"
93.147.139.239 - - [03/Sep/2021:13:01:35 +0000] "GET /cart.js HTTP/1.1" 200 4386 "https://shop.gnet.it/cart" "Mozilla/5.0 (Macintosh; Intel Mac OS X 10_15_7) AppleWebKit/605.1.15 (KHTML, like Gecko) Version/14.1.2 Safari/605.1.15"
93.147.139.239 - - [03/Sep/2021:13:01:35 +0000] "POST /csp-report HTTP/1.1" 200 6490 "https://shop.gnet.it/cart" "Mozilla/5.0 (Macintosh; Intel Mac OS X 10_15_7) AppleWebKit/605.1.15 (KHTML, like Gecko) Version/14.1.2 Safari/605.1.15"
93.147.139.239 - - [03/Sep/2021:13:01:35 +0000] "GET /cart.js HTTP/1.1" 200 4391 "https://shop.gnet.it/cart" "Mozilla/5.0 (Macintosh; Intel Mac OS X 10_15_7) AppleWebKit/605.1.15 (KHTML, like Gecko) Version/14.1.2 Safari/605.1.15"
93.147.139.239 - - [03/Sep/2021:13:01:35 +0000] "POST /csp-report HTTP/1.1" 200 6490 "https://shop.gnet.it/cart" "Mozilla/5.0 (Macintosh; Intel Mac OS X 10_15_7) AppleWebKit/605.1.15 (KHTML, like Gecko) Version/14.1.2 Safari/605.1.15"
93.147.139.239 - - [03/Sep/2021:13:01:35 +0000] "POST /csp-report HTTP/1.1" 200 6490 "https://shop.gnet.it/cart" "Mozilla/5.0 (Macintosh; Intel Mac OS X 10_15_7) AppleWebKit/605.1.15 (KHTML, like Gecko) Version/14.1.2 Safari/605.1.15"
93.147.139.239 - - [03/Sep/2021:13:01:35 +0000] "POST /csp-report HTTP/1.1" 200 6490 "https://shop.gnet.it/cart" "Mozilla/5.0 (Macintosh; Intel Mac OS X 10_15_7) AppleWebKit/605.1.15 (KHTML, like Gecko) Version/14.1.2 Safari/605.1.15"
93.147.139.239 - - [03/Sep/2021:13:01:35 +0000] "GET /cart.js HTTP/1.1" 200 9596 "https://shop.gnet.it/cart" "Mozilla/5.0 (Macintosh; Intel Mac OS X 10_15_7) AppleWebKit/605.1.15 (KHTML, like Gecko) Version/14.1.2 Safari/605.1.15"
93.147.139.239 - - [03/Sep/2021:13:01:35 +0000] "GET /cart.js HTTP/1.1" 200 9583 "https://shop.gnet.it/cart" "Mozilla/5.0 (Macintosh; Intel Mac OS X 10_15_7) AppleWebKit/605.1.15 (KHTML, like Gecko) Version/14.1.2 Safari/605.1.15"
93.147.139.239 - - [03/Sep/2021:13:01:36 +0000] "POST /csp-report HTTP/1.1" 200 6486 "https://shop.gnet.it/cart" "Mozilla/5.0 (Macintosh; Intel Mac OS X 10_15_7) AppleWebKit/605.1.15 (KHTML, like Gecko) Version/14.1.2 Safari/605.1.15"
93.147.139.239 - - [03/Sep/2021:13:01:36 +0000] "POST /csp-report HTTP/1.1" 200 1298 "https://shop.gnet.it/cart" "Mozilla/5.0 (Macintosh; Intel Mac OS X 10_15_7) AppleWebKit/605.1.15 (KHTML, like Gecko) Version/14.1.2 Safari/605.1.15"
93.147.139.239 - - [03/Sep/2021:13:01:36 +0000] "GET /cart.js HTTP/1.1" 200 9599 "https://shop.gnet.it/cart" "Mozilla/5.0 (Macintosh; Intel Mac OS X 10_15_7) AppleWebKit/605.1.15 (KHTML, like Gecko) Version/14.1.2 Safari/605.1.15"
93.147.139.239 - - [03/Sep/2021:13:01:36 +0000] "GET /cart.js HTTP/1.1" 200 9583 "https://shop.gnet.it/cart" "Mozilla/5.0 (Macintosh; Intel Mac OS X 10_15_7) AppleWebKit/605.1.15 (KHTML, like Gecko) Version/14.1.2 Safari/605.1.15"
93.147.139.239 - - [03/Sep/2021:13:01:36 +0000] "POST /cart HTTP/1.1" 302 4096 "https://shop.gnet.it/cart" "Mozilla/5.0 (Macintosh; Intel Mac OS X 10_15_7) AppleWebKit/605.1.15 (KHTML, like Gecko) Version/14.1.2 Safari/605.1.15"
93.147.139.239 - - [03/Sep/2021:13:01:37 +0000] "GET /57167249583/checkouts/2e928d5b58f11ae841f5805263f4a6f7?_ga=2.249532743.1918721114.1630307191-1379875816.1627630547 HTTP/1.1" 200 27931 "https://shop.gnet.it/cart" "Mozilla/5.0 (Macintosh; Intel Mac OS X 10_15_7) AppleWebKit/605.1.15 (KHTML, like Gecko) Version/14.1.2 Safari/605.1.15"
93.147.139.239 - - [03/Sep/2021:13:01:39 +0000] "POST /csp-report?source%5Baction%5D=show&source%5Bapp%5D=Shopify&source%5Bcontroller%5D=checkouts%2Fweb%2Fcheckouts&source%5Bsection%5D=checkout&source%5Bshop_id%5D=57167249583&source%5Buuid%5D=352876d3-8dac-44e9-899f-2120c086370d HTTP/1.1" 200 1298 "https://shop.gnet.it/" "Mozilla/5.0 (Macintosh; Intel Mac OS X 10_15_7) AppleWebKit/605.1.15 (KHTML, like Gecko) Version/14.1.2 Safari/605.1.15"
93.147.139.239 - - [03/Sep/2021:13:01:39 +0000] "POST /csp-report?source%5Baction%5D=show&source%5Bapp%5D=Shopify&source%5Bcontroller%5D=checkouts%2Fweb%2Fcheckouts&source%5Bsection%5D=checkout&source%5Bshop_id%5D=57167249583&source%5Buuid%5D=352876d3-8dac-44e9-899f-2120c086370d HTTP/1.1" 200 1298 "https://shop.gnet.it/" "Mozilla/5.0 (Macintosh; Intel Mac OS X 10_15_7) AppleWebKit/605.1.15 (KHTML, like Gecko) Version/14.1.2 Safari/605.1.15"
93.147.139.239 - - [03/Sep/2021:13:01:39 +0000] "POST /csp-report?source%5Baction%5D=show&source%5Bapp%5D=Shopify&source%5Bcontroller%5D=checkouts%2Fweb%2Fcheckouts&source%5Bsection%5D=checkout&source%5Bshop_id%5D=57167249583&source%5Buuid%5D=352876d3-8dac-44e9-899f-2120c086370d HTTP/1.1" 200 1298 "https://shop.gnet.it/" "Mozilla/5.0 (Macintosh; Intel Mac OS X 10_15_7) AppleWebKit/605.1.15 (KHTML, like Gecko) Version/14.1.2 Safari/605.1.15"
93.147.139.239 - - [03/Sep/2021:13:01:39 +0000] "GET /57167249583/digital_wallets/dialog HTTP/1.1" 200 3447 "https://shop.gnet.it/" "Mozilla/5.0 (Macintosh; Intel Mac OS X 10_15_7) AppleWebKit/605.1.15 (KHTML, like Gecko) Version/14.1.2 Safari/605.1.15"
35.233.102.46 - - [03/Sep/2021:13:02:02 +0000] "POST /57167249583/checkouts/28def642cedde02c2b183550b7642cd0 HTTP/1.1" 200 28544 "https://shop.gnet.it/" "Mozilla/5.0 (Macintosh; Intel Mac OS X 10_15_7) AppleWebKit/537.36 (KHTML, like Gecko) Chrome/92.0.4515.159 Safari/537.36"
35.233.102.46 - - [03/Sep/2021:13:02:04 +0000] "GET /57167249583/digital_wallets/dialog HTTP/1.1" 200 3344 "https://shop.gnet.it/" "Mozilla/5.0 (Macintosh; Intel Mac OS X 10_15_7) AppleWebKit/537.36 (KHTML, like Gecko) Chrome/92.0.4515.159 Safari/537.36"
35.233.102.46 - - [03/Sep/2021:13:02:04 +0000] "POST /csp-report?source%5Baction%5D=update&source%5Bapp%5D=Shopify&source%5Bcontroller%5D=checkouts%2Fweb%2Fcheckouts&source%5Bsection%5D=checkout&source%5Bshop_id%5D=57167249583&source%5Buuid%5D=3cadf8b7-eaee-48ab-b11e-989ca3a6afeb HTTP/1.1" 200 1858 "https://shop.gnet.it/" "Mozilla/5.0 (Macintosh; Intel Mac OS X 10_15_7) AppleWebKit/537.36 (KHTML, like Gecko) Chrome/92.0.4515.159 Safari/537.36"
35.233.102.46 - - [03/Sep/2021:13:02:04 +0000] "POST /csp-report?source%5Baction%5D=update&source%5Bapp%5D=Shopify&source%5Bcontroller%5D=checkouts%2Fweb%2Fcheckouts&source%5Bsection%5D=checkout&source%5Bshop_id%5D=57167249583&source%5Buuid%5D=3cadf8b7-eaee-48ab-b11e-989ca3a6afeb HTTP/1.1" 200 6490 "https://shop.gnet.it/" "Mozilla/5.0 (Macintosh; Intel Mac OS X 10_15_7) AppleWebKit/537.36 (KHTML, like Gecko) Chrome/92.0.4515.159 Safari/537.36"
35.233.102.46 - - [03/Sep/2021:13:02:04 +0000] "POST /csp-report?source%5Baction%5D=update&source%5Bapp%5D=Shopify&source%5Bcontroller%5D=checkouts%2Fweb%2Fcheckouts&source%5Bsection%5D=checkout&source%5Bshop_id%5D=57167249583&source%5Buuid%5D=3cadf8b7-eaee-48ab-b11e-989ca3a6afeb HTTP/1.1" 200 1858 "https://shop.gnet.it/" "Mozilla/5.0 (Macintosh; Intel Mac OS X 10_15_7) AppleWebKit/537.36 (KHTML, like Gecko) Chrome/92.0.4515.159 Safari/537.36"
93.147.139.239 - - [03/Sep/2021:13:02:34 +0000] "GET /?_cd=a8f9384932fb155114a6fe3a414355697d76e802feb8dcc2e0c1e6629f3d0b8e&_uid=73923068079&preview_theme_id= HTTP/1.1" 302 6644 "-" "Mozilla/5.0 (Macintosh; Intel Mac OS X 10_15_7) AppleWebKit/605.1.15 (KHTML, like Gecko) Version/14.1.2 Safari/605.1.15"
93.147.139.239 - - [03/Sep/2021:13:02:34 +0000] "GET /?preview_theme_id= HTTP/1.1" 302 1415 "-" "Mozilla/5.0 (Macintosh; Intel Mac OS X 10_15_7) AppleWebKit/605.1.15 (KHTML, like Gecko) Version/14.1.2 Safari/605.1.15"
93.147.139.239 - - [03/Sep/2021:13:02:34 +0000] "GET / HTTP/1.1" 200 33863 "-" "Mozilla/5.0 (Macintosh; Intel Mac OS X 10_15_7) AppleWebKit/605.1.15 (KHTML, like Gecko) Version/14.1.2 Safari/605.1.15"
93.147.139.239 - - [03/Sep/2021:13:02:39 +0000] "GET /search/suggest.json?q=a&resources[type]=product&resources[options][unavailable_products]=last&resources[options][fields]=title,vendor,product_type,variants.title& HTTP/1.1" 200 11082 "https://shop.gnet.it/" "Mozilla/5.0 (Macintosh; Intel Mac OS X 10_15_7) AppleWebKit/605.1.15 (KHTML, like Gecko) Version/14.1.2 Safari/605.1.15"
93.147.139.239 - - [03/Sep/2021:13:02:39 +0000] "GET /search/suggest.json?q=au&resources[type]=product&resources[options][unavailable_products]=last&resources[options][fields]=title,vendor,product_type,variants.title& HTTP/1.1" 200 10460 "https://shop.gnet.it/" "Mozilla/5.0 (Macintosh; Intel Mac OS X 10_15_7) AppleWebKit/605.1.15 (KHTML, like Gecko) Version/14.1.2 Safari/605.1.15"
93.147.139.239 - - [03/Sep/2021:13:02:39 +0000] "GET /search/suggest.json?q=aut&resources[type]=product&resources[options][unavailable_products]=last&resources[options][fields]=title,vendor,product_type,variants.title& HTTP/1.1" 200 5210 "https://shop.gnet.it/" "Mozilla/5.0 (Macintosh; Intel Mac OS X 10_15_7) AppleWebKit/605.1.15 (KHTML, like Gecko) Version/14.1.2 Safari/605.1.15"
93.147.139.239 - - [03/Sep/2021:13:02:39 +0000] "GET /search/suggest.json?q=auto&resources[type]=product&resources[options][unavailable_products]=last&resources[options][fields]=title,vendor,product_type,variants.title& HTTP/1.1" 200 5272 "https://shop.gnet.it/" "Mozilla/5.0 (Macintosh; Intel Mac OS X 10_15_7) AppleWebKit/605.1.15 (KHTML, like Gecko) Version/14.1.2 Safari/605.1.15"
93.147.139.239 - - [03/Sep/2021:13:02:41 +0000] "GET /products/automatismi-workflow?_pos=2&_psq=auto&_ss=e&_v=1.0 HTTP/1.1" 200 34176 "https://shop.gnet.it/" "Mozilla/5.0 (Macintosh; Intel Mac OS X 10_15_7) AppleWebKit/605.1.15 (KHTML, like Gecko) Version/14.1.2 Safari/605.1.15"
93.147.139.239 - - [03/Sep/2021:13:02:42 +0000] "GET //variants/40397889700015/?section_id=store-availability HTTP/1.1" 200 2318 "https://shop.gnet.it/products/automatismi-workflow?_pos=2&_psq=auto&_ss=e&_v=1.0" "Mozilla/5.0 (Macintosh; Intel Mac OS X 10_15_7) AppleWebKit/605.1.15 (KHTML, like Gecko) Version/14.1.2 Safari/605.1.15"
93.147.139.239 - - [03/Sep/2021:13:02:42 +0000] "GET /recommendations/products?section_id=product-recommendations&product_id=6873165004975&limit=4 HTTP/1.1" 200 3657 "https://shop.gnet.it/products/automatismi-workflow?_pos=2&_psq=auto&_ss=e&_v=1.0" "Mozilla/5.0 (Macintosh; Intel Mac OS X 10_15_7) AppleWebKit/605.1.15 (KHTML, like Gecko) Version/14.1.2 Safari/605.1.15"
93.147.139.239 - - [03/Sep/2021:13:02:42 +0000] "GET /payments/config?currency=EUR HTTP/1.1" 200 8735 "https://shop.gnet.it/products/automatismi-workflow?_pos=2&_psq=auto&_ss=e&_v=1.0" "Mozilla/5.0 (Macintosh; Intel Mac OS X 10_15_7) AppleWebKit/605.1.15 (KHTML, like Gecko) Version/14.1.2 Safari/605.1.15"
93.147.139.239 - - [03/Sep/2021:13:02:42 +0000] "POST /api/graphql HTTP/1.1" 400 1556 "https://shop.gnet.it/products/automatismi-workflow?_pos=2&_psq=auto&_ss=e&_v=1.0" "Mozilla/5.0 (Macintosh; Intel Mac OS X 10_15_7) AppleWebKit/605.1.15 (KHTML, like Gecko) Version/14.1.2 Safari/605.1.15"
93.147.139.239 - - [03/Sep/2021:13:02:43 +0000] "POST /cart/add.js HTTP/1.1" 200 5066 "https://shop.gnet.it/products/automatismi-workflow?_pos=2&_psq=auto&_ss=e&_v=1.0" "Mozilla/5.0 (Macintosh; Intel Mac OS X 10_15_7) AppleWebKit/605.1.15 (KHTML, like Gecko) Version/14.1.2 Safari/605.1.15"
93.147.139.239 - - [03/Sep/2021:13:02:44 +0000] "GET /cart.js HTTP/1.1" 200 5303 "https://shop.gnet.it/products/automatismi-workflow?_pos=2&_psq=auto&_ss=e&_v=1.0" "Mozilla/5.0 (Macintosh; Intel Mac OS X 10_15_7) AppleWebKit/605.1.15 (KHTML, like Gecko) Version/14.1.2 Safari/605.1.15"
35.233.102.46 - - [03/Sep/2021:13:02:45 +0000] "POST /57167249583/checkouts/28def642cedde02c2b183550b7642cd0 HTTP/1.1" 200 28598 "https://shop.gnet.it/" "Mozilla/5.0 (Macintosh; Intel Mac OS X 10_15_7) AppleWebKit/537.36 (KHTML, like Gecko) Chrome/92.0.4515.159 Safari/537.36"
35.233.102.46 - - [03/Sep/2021:13:02:46 +0000] "GET /57167249583/digital_wallets/dialog HTTP/1.1" 200 3363 "https://shop.gnet.it/" "Mozilla/5.0 (Macintosh; Intel Mac OS X 10_15_7) AppleWebKit/537.36 (KHTML, like Gecko) Chrome/92.0.4515.159 Safari/537.36"
35.233.102.46 - - [03/Sep/2021:13:02:46 +0000] "POST /csp-report?source%5Baction%5D=update&source%5Bapp%5D=Shopify&source%5Bcontroller%5D=checkouts%2Fweb%2Fcheckouts&source%5Bsection%5D=checkout&source%5Bshop_id%5D=57167249583&source%5Buuid%5D=93835c80-0915-439e-a7f4-8b919e7ba60a HTTP/1.1" 200 1858 "https://shop.gnet.it/" "Mozilla/5.0 (Macintosh; Intel Mac OS X 10_15_7) AppleWebKit/537.36 (KHTML, like Gecko) Chrome/92.0.4515.159 Safari/537.36"
35.233.102.46 - - [03/Sep/2021:13:02:46 +0000] "POST /csp-report?source%5Baction%5D=update&source%5Bapp%5D=Shopify&source%5Bcontroller%5D=checkouts%2Fweb%2Fcheckouts&source%5Bsection%5D=checkout&source%5Bshop_id%5D=57167249583&source%5Buuid%5D=93835c80-0915-439e-a7f4-8b919e7ba60a HTTP/1.1" 200 6490 "https://shop.gnet.it/" "Mozilla/5.0 (Macintosh; Intel Mac OS X 10_15_7) AppleWebKit/537.36 (KHTML, like Gecko) Chrome/92.0.4515.159 Safari/537.36"
35.233.102.46 - - [03/Sep/2021:13:02:46 +0000] "POST /csp-report?source%5Baction%5D=update&source%5Bapp%5D=Shopify&source%5Bcontroller%5D=checkouts%2Fweb%2Fcheckouts&source%5Bsection%5D=checkout&source%5Bshop_id%5D=57167249583&source%5Buuid%5D=93835c80-0915-439e-a7f4-8b919e7ba60a HTTP/1.1" 200 1858 "https://shop.gnet.it/" "Mozilla/5.0 (Macintosh; Intel Mac OS X 10_15_7) AppleWebKit/537.36 (KHTML, like Gecko) Chrome/92.0.4515.159 Safari/537.36"
93.147.139.239 - - [03/Sep/2021:13:02:45 +0000] "GET /cart HTTP/1.1" 200 30425 "https://shop.gnet.it/products/automatismi-workflow?_pos=2&_psq=auto&_ss=e&_v=1.0" "Mozilla/5.0 (Macintosh; Intel Mac OS X 10_15_7) AppleWebKit/605.1.15 (KHTML, like Gecko) Version/14.1.2 Safari/605.1.15"
93.147.139.239 - - [03/Sep/2021:13:02:47 +0000] "GET /payments/config?currency=EUR HTTP/1.1" 200 3543 "https://shop.gnet.it/cart" "Mozilla/5.0 (Macintosh; Intel Mac OS X 10_15_7) AppleWebKit/605.1.15 (KHTML, like Gecko) Version/14.1.2 Safari/605.1.15"
93.147.139.239 - - [03/Sep/2021:13:02:48 +0000] "GET /cart.js HTTP/1.1" 200 5320 "https://shop.gnet.it/cart" "Mozilla/5.0 (Macintosh; Intel Mac OS X 10_15_7) AppleWebKit/605.1.15 (KHTML, like Gecko) Version/14.1.2 Safari/605.1.15"
93.147.139.239 - - [03/Sep/2021:13:02:48 +0000] "GET /cart.js HTTP/1.1" 200 5370 "https://shop.gnet.it/cart" "Mozilla/5.0 (Macintosh; Intel Mac OS X 10_15_7) AppleWebKit/605.1.15 (KHTML, like Gecko) Version/14.1.2 Safari/605.1.15"
93.147.139.239 - - [03/Sep/2021:13:02:48 +0000] "POST /csp-report HTTP/1.1" 200 6490 "https://shop.gnet.it/cart" "Mozilla/5.0 (Macintosh; Intel Mac OS X 10_15_7) AppleWebKit/605.1.15 (KHTML, like Gecko) Version/14.1.2 Safari/605.1.15"
93.147.139.239 - - [03/Sep/2021:13:02:48 +0000] "POST /csp-report HTTP/1.1" 200 6490 "https://shop.gnet.it/cart" "Mozilla/5.0 (Macintosh; Intel Mac OS X 10_15_7) AppleWebKit/605.1.15 (KHTML, like Gecko) Version/14.1.2 Safari/605.1.15"
93.147.139.239 - - [03/Sep/2021:13:02:48 +0000] "POST /csp-report HTTP/1.1" 200 6490 "https://shop.gnet.it/cart" "Mozilla/5.0 (Macintosh; Intel Mac OS X 10_15_7) AppleWebKit/605.1.15 (KHTML, like Gecko) Version/14.1.2 Safari/605.1.15"
93.147.139.239 - - [03/Sep/2021:13:02:48 +0000] "GET /cart.js HTTP/1.1" 200 10514 "https://shop.gnet.it/cart" "Mozilla/5.0 (Macintosh; Intel Mac OS X 10_15_7) AppleWebKit/605.1.15 (KHTML, like Gecko) Version/14.1.2 Safari/605.1.15"
93.147.139.239 - - [03/Sep/2021:13:02:48 +0000] "POST /csp-report HTTP/1.1" 200 6490 "https://shop.gnet.it/cart" "Mozilla/5.0 (Macintosh; Intel Mac OS X 10_15_7) AppleWebKit/605.1.15 (KHTML, like Gecko) Version/14.1.2 Safari/605.1.15"
93.147.139.239 - - [03/Sep/2021:13:02:48 +0000] "GET /cart.js HTTP/1.1" 200 10586 "https://shop.gnet.it/cart" "Mozilla/5.0 (Macintosh; Intel Mac OS X 10_15_7) AppleWebKit/605.1.15 (KHTML, like Gecko) Version/14.1.2 Safari/605.1.15"
93.147.139.239 - - [03/Sep/2021:13:02:48 +0000] "POST /csp-report HTTP/1.1" 200 6490 "https://shop.gnet.it/cart" "Mozilla/5.0 (Macintosh; Intel Mac OS X 10_15_7) AppleWebKit/605.1.15 (KHTML, like Gecko) Version/14.1.2 Safari/605.1.15"
93.147.139.239 - - [03/Sep/2021:13:02:48 +0000] "GET /cart.js HTTP/1.1" 200 10556 "https://shop.gnet.it/cart" "Mozilla/5.0 (Macintosh; Intel Mac OS X 10_15_7) AppleWebKit/605.1.15 (KHTML, like Gecko) Version/14.1.2 Safari/605.1.15"
93.147.139.239 - - [03/Sep/2021:13:02:48 +0000] "GET /cart.js HTTP/1.1" 200 10519 "https://shop.gnet.it/cart" "Mozilla/5.0 (Macintosh; Intel Mac OS X 10_15_7) AppleWebKit/605.1.15 (KHTML, like Gecko) Version/14.1.2 Safari/605.1.15"
93.147.139.239 - - [03/Sep/2021:13:02:48 +0000] "POST /csp-report HTTP/1.1" 200 6490 "https://shop.gnet.it/cart" "Mozilla/5.0 (Macintosh; Intel Mac OS X 10_15_7) AppleWebKit/605.1.15 (KHTML, like Gecko) Version/14.1.2 Safari/605.1.15"
35.233.102.46 - - [03/Sep/2021:13:02:49 +0000] "GET /cart HTTP/1.1" 200 30274 "https://shop.gnet.it/" "Mozilla/5.0 (Macintosh; Intel Mac OS X 10_15_7) AppleWebKit/537.36 (KHTML, like Gecko) Chrome/92.0.4515.159 Safari/537.36"
35.233.102.46 - - [03/Sep/2021:13:02:50 +0000] "GET /payments/config?currency=EUR HTTP/1.1" 200 3543 "https://shop.gnet.it/cart" "Mozilla/5.0 (Macintosh; Intel Mac OS X 10_15_7) AppleWebKit/537.36 (KHTML, like Gecko) Chrome/92.0.4515.159 Safari/537.36"
35.233.102.46 - - [03/Sep/2021:13:02:50 +0000] "GET /cart.js HTTP/1.1" 200 4347 "https://shop.gnet.it/cart" "Mozilla/5.0 (Macintosh; Intel Mac OS X 10_15_7) AppleWebKit/537.36 (KHTML, like Gecko) Chrome/92.0.4515.159 Safari/537.36"
35.233.102.46 - - [03/Sep/2021:13:02:50 +0000] "GET /cart.js HTTP/1.1" 200 4384 "https://shop.gnet.it/cart" "Mozilla/5.0 (Macintosh; Intel Mac OS X 10_15_7) AppleWebKit/537.36 (KHTML, like Gecko) Chrome/92.0.4515.159 Safari/537.36"
35.233.102.46 - - [03/Sep/2021:13:02:51 +0000] "GET /cart.js HTTP/1.1" 200 4384 "https://shop.gnet.it/cart" "Mozilla/5.0 (Macintosh; Intel Mac OS X 10_15_7) AppleWebKit/537.36 (KHTML, like Gecko) Chrome/92.0.4515.159 Safari/537.36"
93.147.139.239 - - [03/Sep/2021:13:02:51 +0000] "POST /cart HTTP/1.1" 302 4096 "https://shop.gnet.it/cart" "Mozilla/5.0 (Macintosh; Intel Mac OS X 10_15_7) AppleWebKit/605.1.15 (KHTML, like Gecko) Version/14.1.2 Safari/605.1.15"
35.233.102.46 - - [03/Sep/2021:13:02:51 +0000] "GET /cart.js HTTP/1.1" 200 4404 "https://shop.gnet.it/cart" "Mozilla/5.0 (Macintosh; Intel Mac OS X 10_15_7) AppleWebKit/537.36 (KHTML, like Gecko) Chrome/92.0.4515.159 Safari/537.36"
93.147.139.239 - - [03/Sep/2021:13:02:50 +0000] "POST /cart/change.js HTTP/1.1" 200 5033 "https://shop.gnet.it/cart" "Mozilla/5.0 (Macintosh; Intel Mac OS X 10_15_7) AppleWebKit/605.1.15 (KHTML, like Gecko) Version/14.1.2 Safari/605.1.15"
93.147.139.239 - - [03/Sep/2021:13:02:51 +0000] "GET /57167249583/checkouts/2e928d5b58f11ae841f5805263f4a6f7?_ga=2.248287303.1918721114.1630307191-1379875816.1627630547 HTTP/1.1" 200 27981 "https://shop.gnet.it/cart" "Mozilla/5.0 (Macintosh; Intel Mac OS X 10_15_7) AppleWebKit/605.1.15 (KHTML, like Gecko) Version/14.1.2 Safari/605.1.15"
35.233.102.46 - - [03/Sep/2021:13:02:52 +0000] "GET /cart HTTP/1.1" 200 30102 "https://shop.gnet.it/" "Mozilla/5.0 (Macintosh; Intel Mac OS X 10_15_7) AppleWebKit/537.36 (KHTML, like Gecko) Chrome/92.0.4515.159 Safari/537.36"
35.233.102.46 - - [03/Sep/2021:13:02:52 +0000] "GET /payments/config?currency=EUR HTTP/1.1" 200 3543 "https://shop.gnet.it/cart" "Mozilla/5.0 (Macintosh; Intel Mac OS X 10_15_7) AppleWebKit/537.36 (KHTML, like Gecko) Chrome/92.0.4515.159 Safari/537.36"
35.233.102.46 - - [03/Sep/2021:13:02:52 +0000] "GET /cart.js HTTP/1.1" 200 4384 "https://shop.gnet.it/cart" "Mozilla/5.0 (Macintosh; Intel Mac OS X 10_15_7) AppleWebKit/537.36 (KHTML, like Gecko) Chrome/92.0.4515.159 Safari/537.36"
93.147.139.239 - - [03/Sep/2021:13:02:52 +0000] "POST /csp-report?source%5Baction%5D=show&source%5Bapp%5D=Shopify&source%5Bcontroller%5D=checkouts%2Fweb%2Fcheckouts&source%5Bsection%5D=checkout&source%5Bshop_id%5D=57167249583&source%5Buuid%5D=a6c8e2be-d59d-4f91-8689-5ff17aba727d HTTP/1.1" 200 1298 "https://shop.gnet.it/" "Mozilla/5.0 (Macintosh; Intel Mac OS X 10_15_7) AppleWebKit/605.1.15 (KHTML, like Gecko) Version/14.1.2 Safari/605.1.15"
93.147.139.239 - - [03/Sep/2021:13:02:52 +0000] "POST /csp-report?source%5Baction%5D=show&source%5Bapp%5D=Shopify&source%5Bcontroller%5D=checkouts%2Fweb%2Fcheckouts&source%5Bsection%5D=checkout&source%5Bshop_id%5D=57167249583&source%5Buuid%5D=a6c8e2be-d59d-4f91-8689-5ff17aba727d HTTP/1.1" 200 1298 "https://shop.gnet.it/" "Mozilla/5.0 (Macintosh; Intel Mac OS X 10_15_7) AppleWebKit/605.1.15 (KHTML, like Gecko) Version/14.1.2 Safari/605.1.15"
93.147.139.239 - - [03/Sep/2021:13:02:52 +0000] "POST /csp-report?source%5Baction%5D=show&source%5Bapp%5D=Shopify&source%5Bcontroller%5D=checkouts%2Fweb%2Fcheckouts&source%5Bsection%5D=checkout&source%5Bshop_id%5D=57167249583&source%5Buuid%5D=a6c8e2be-d59d-4f91-8689-5ff17aba727d HTTP/1.1" 200 1298 "https://shop.gnet.it/" "Mozilla/5.0 (Macintosh; Intel Mac OS X 10_15_7) AppleWebKit/605.1.15 (KHTML, like Gecko) Version/14.1.2 Safari/605.1.15"
93.147.139.239 - - [03/Sep/2021:13:02:52 +0000] "GET /57167249583/digital_wallets/dialog HTTP/1.1" 200 3372 "https://shop.gnet.it/" "Mozilla/5.0 (Macintosh; Intel Mac OS X 10_15_7) AppleWebKit/605.1.15 (KHTML, like Gecko) Version/14.1.2 Safari/605.1.15"
35.233.102.46 - - [03/Sep/2021:13:02:52 +0000] "GET /cart.js HTTP/1.1" 200 4389 "https://shop.gnet.it/cart" "Mozilla/5.0 (Macintosh; Intel Mac OS X 10_15_7) AppleWebKit/537.36 (KHTML, like Gecko) Chrome/92.0.4515.159 Safari/537.36"
35.233.102.46 - - [03/Sep/2021:13:02:53 +0000] "GET /cart.js HTTP/1.1" 200 4387 "https://shop.gnet.it/cart" "Mozilla/5.0 (Macintosh; Intel Mac OS X 10_15_7) AppleWebKit/537.36 (KHTML, like Gecko) Chrome/92.0.4515.159 Safari/537.36"
35.233.102.46 - - [03/Sep/2021:13:02:53 +0000] "GET /cart.js HTTP/1.1" 200 4949 "https://shop.gnet.it/cart" "Mozilla/5.0 (Macintosh; Intel Mac OS X 10_15_7) AppleWebKit/537.36 (KHTML, like Gecko) Chrome/92.0.4515.159 Safari/537.36"
35.233.102.46 - - [03/Sep/2021:13:02:53 +0000] "POST /csp-report HTTP/1.1" 200 1298 "https://shop.gnet.it/cart" "Mozilla/5.0 (Macintosh; Intel Mac OS X 10_15_7) AppleWebKit/537.36 (KHTML, like Gecko) Chrome/92.0.4515.159 Safari/537.36"
35.233.102.46 - - [03/Sep/2021:13:02:54 +0000] "POST /csp-report HTTP/1.1" 200 1294 "https://shop.gnet.it/cart" "Mozilla/5.0 (Macintosh; Intel Mac OS X 10_15_7) AppleWebKit/537.36 (KHTML, like Gecko) Chrome/92.0.4515.159 Safari/537.36"
35.233.102.46 - - [03/Sep/2021:13:02:54 +0000] "POST /csp-report HTTP/1.1" 200 1298 "https://shop.gnet.it/cart" "Mozilla/5.0 (Macintosh; Intel Mac OS X 10_15_7) AppleWebKit/537.36 (KHTML, like Gecko) Chrome/92.0.4515.159 Safari/537.36"
35.233.102.46 - - [03/Sep/2021:13:02:54 +0000] "POST /cart/change.js HTTP/1.1" 200 3923 "https://shop.gnet.it/cart" "Mozilla/5.0 (Macintosh; Intel Mac OS X 10_15_7) AppleWebKit/537.36 (KHTML, like Gecko) Chrome/92.0.4515.159 Safari/537.36"
35.233.102.46 - - [03/Sep/2021:13:02:57 +0000] "GET /collections/all HTTP/1.1" 200 31149 "https://shop.gnet.it/cart" "Mozilla/5.0 (Macintosh; Intel Mac OS X 10_15_7) AppleWebKit/537.36 (KHTML, like Gecko) Chrome/92.0.4515.159 Safari/537.36"
35.233.102.46 - - [03/Sep/2021:13:02:59 +0000] "GET /products/a-b-test-email HTTP/1.1" 200 34635 "https://shop.gnet.it/collections/all" "Mozilla/5.0 (Macintosh; Intel Mac OS X 10_15_7) AppleWebKit/537.36 (KHTML, like Gecko) Chrome/92.0.4515.159 Safari/537.36"
35.233.102.46 - - [03/Sep/2021:13:02:59 +0000] "GET //variants/40397878952111/?section_id=store-availability HTTP/1.1" 200 2318 "https://shop.gnet.it/products/a-b-test-email" "Mozilla/5.0 (Macintosh; Intel Mac OS X 10_15_7) AppleWebKit/537.36 (KHTML, like Gecko) Chrome/92.0.4515.159 Safari/537.36"
35.233.102.46 - - [03/Sep/2021:13:02:59 +0000] "GET /payments/config?currency=EUR HTTP/1.1" 200 4144 "https://shop.gnet.it/products/a-b-test-email" "Mozilla/5.0 (Macintosh; Intel Mac OS X 10_15_7) AppleWebKit/537.36 (KHTML, like Gecko) Chrome/92.0.4515.159 Safari/537.36"
35.233.102.46 - - [03/Sep/2021:13:02:59 +0000] "GET /recommendations/products?section_id=product-recommendations&product_id=6873157992623&limit=4 HTTP/1.1" 200 4195 "https://shop.gnet.it/products/a-b-test-email" "Mozilla/5.0 (Macintosh; Intel Mac OS X 10_15_7) AppleWebKit/537.36 (KHTML, like Gecko) Chrome/92.0.4515.159 Safari/537.36"
93.147.139.239 - - [03/Sep/2021:13:03:06 +0000] "GET /57167249583/checkouts/2e928d5b58f11ae841f5805263f4a6f7?_ga=2.248287303.1918721114.1630307191-1379875816.1627630547 HTTP/1.1" 200 32993 "https://shop.gnet.it/cart" "Mozilla/5.0 (Macintosh; Intel Mac OS X 10_15_7) AppleWebKit/605.1.15 (KHTML, like Gecko) Version/14.1.2 Safari/605.1.15"
93.147.139.239 - - [03/Sep/2021:13:03:07 +0000] "GET /57167249583/digital_wallets/dialog HTTP/1.1" 200 3371 "https://shop.gnet.it/" "Mozilla/5.0 (Macintosh; Intel Mac OS X 10_15_7) AppleWebKit/605.1.15 (KHTML, like Gecko) Version/14.1.2 Safari/605.1.15"
93.147.139.239 - - [03/Sep/2021:13:03:07 +0000] "POST /csp-report?source%5Baction%5D=show&source%5Bapp%5D=Shopify&source%5Bcontroller%5D=checkouts%2Fweb%2Fcheckouts&source%5Bsection%5D=checkout&source%5Bshop_id%5D=57167249583&source%5Buuid%5D=e15a04ca-4f38-4961-b1b1-397be0c364e4 HTTP/1.1" 200 6490 "https://shop.gnet.it/" "Mozilla/5.0 (Macintosh; Intel Mac OS X 10_15_7) AppleWebKit/605.1.15 (KHTML, like Gecko) Version/14.1.2 Safari/605.1.15"
93.147.139.239 - - [03/Sep/2021:13:03:07 +0000] "POST /csp-report?source%5Baction%5D=show&source%5Bapp%5D=Shopify&source%5Bcontroller%5D=checkouts%2Fweb%2Fcheckouts&source%5Bsection%5D=checkout&source%5Bshop_id%5D=57167249583&source%5Buuid%5D=e15a04ca-4f38-4961-b1b1-397be0c364e4 HTTP/1.1" 200 6490 "https://shop.gnet.it/" "Mozilla/5.0 (Macintosh; Intel Mac OS X 10_15_7) AppleWebKit/605.1.15 (KHTML, like Gecko) Version/14.1.2 Safari/605.1.15"
93.147.139.239 - - [03/Sep/2021:13:03:07 +0000] "POST /csp-report?source%5Baction%5D=show&source%5Bapp%5D=Shopify&source%5Bcontroller%5D=checkouts%2Fweb%2Fcheckouts&source%5Bsection%5D=checkout&source%5Bshop_id%5D=57167249583&source%5Buuid%5D=e15a04ca-4f38-4961-b1b1-397be0c364e4 HTTP/1.1" 200 6490 "https://shop.gnet.it/" "Mozilla/5.0 (Macintosh; Intel Mac OS X 10_15_7) AppleWebKit/605.1.15 (KHTML, like Gecko) Version/14.1.2 Safari/605.1.15"
93.147.139.239 - - [03/Sep/2021:13:03:14 +0000] "POST /cart HTTP/1.1" 302 9288 "https://shop.gnet.it/cart" "Mozilla/5.0 (Macintosh; Intel Mac OS X 10_15_7) AppleWebKit/605.1.15 (KHTML, like Gecko) Version/14.1.2 Safari/605.1.15"
93.147.139.239 - - [03/Sep/2021:13:03:14 +0000] "GET /57167249583/checkouts/2e928d5b58f11ae841f5805263f4a6f7?_ga=2.224246107.1918721114.1630307191-1379875816.1627630547 HTTP/1.1" 200 27931 "https://shop.gnet.it/cart" "Mozilla/5.0 (Macintosh; Intel Mac OS X 10_15_7) AppleWebKit/605.1.15 (KHTML, like Gecko) Version/14.1.2 Safari/605.1.15"
35.233.102.46 - - [03/Sep/2021:13:03:15 +0000] "GET /products/a-b-test-email HTTP/1.1" 200 35424 "https://shop.gnet.it/collections/all" "Mozilla/5.0 (Macintosh; Intel Mac OS X 10_15_7) AppleWebKit/537.36 (KHTML, like Gecko) Chrome/92.0.4515.159 Safari/537.36"
35.233.102.46 - - [03/Sep/2021:13:03:15 +0000] "GET //variants/40397878952111/?section_id=store-availability HTTP/1.1" 200 2318 "https://shop.gnet.it/products/a-b-test-email" "Mozilla/5.0 (Macintosh; Intel Mac OS X 10_15_7) AppleWebKit/537.36 (KHTML, like Gecko) Chrome/92.0.4515.159 Safari/537.36"
35.233.102.46 - - [03/Sep/2021:13:03:15 +0000] "GET /recommendations/products?section_id=product-recommendations&product_id=6873157992623&limit=4 HTTP/1.1" 200 4149 "https://shop.gnet.it/products/a-b-test-email" "Mozilla/5.0 (Macintosh; Intel Mac OS X 10_15_7) AppleWebKit/537.36 (KHTML, like Gecko) Chrome/92.0.4515.159 Safari/537.36"
93.147.139.239 - - [03/Sep/2021:13:03:16 +0000] "POST /csp-report?source%5Baction%5D=show&source%5Bapp%5D=Shopify&source%5Bcontroller%5D=checkouts%2Fweb%2Fcheckouts&source%5Bsection%5D=checkout&source%5Bshop_id%5D=57167249583&source%5Buuid%5D=524e94b4-050c-4925-a609-e5281908d083 HTTP/1.1" 200 6490 "https://shop.gnet.it/" "Mozilla/5.0 (Macintosh; Intel Mac OS X 10_15_7) AppleWebKit/605.1.15 (KHTML, like Gecko) Version/14.1.2 Safari/605.1.15"
93.147.139.239 - - [03/Sep/2021:13:03:15 +0000] "GET /57167249583/digital_wallets/dialog HTTP/1.1" 200 3344 "https://shop.gnet.it/" "Mozilla/5.0 (Macintosh; Intel Mac OS X 10_15_7) AppleWebKit/605.1.15 (KHTML, like Gecko) Version/14.1.2 Safari/605.1.15"
93.147.139.239 - - [03/Sep/2021:13:03:16 +0000] "POST /csp-report?source%5Baction%5D=show&source%5Bapp%5D=Shopify&source%5Bcontroller%5D=checkouts%2Fweb%2Fcheckouts&source%5Bsection%5D=checkout&source%5Bshop_id%5D=57167249583&source%5Buuid%5D=524e94b4-050c-4925-a609-e5281908d083 HTTP/1.1" 200 6486 "https://shop.gnet.it/" "Mozilla/5.0 (Macintosh; Intel Mac OS X 10_15_7) AppleWebKit/605.1.15 (KHTML, like Gecko) Version/14.1.2 Safari/605.1.15"
93.147.139.239 - - [03/Sep/2021:13:03:16 +0000] "POST /csp-report?source%5Baction%5D=show&source%5Bapp%5D=Shopify&source%5Bcontroller%5D=checkouts%2Fweb%2Fcheckouts&source%5Bsection%5D=checkout&source%5Bshop_id%5D=57167249583&source%5Buuid%5D=524e94b4-050c-4925-a609-e5281908d083 HTTP/1.1" 200 6490 "https://shop.gnet.it/" "Mozilla/5.0 (Macintosh; Intel Mac OS X 10_15_7) AppleWebKit/605.1.15 (KHTML, like Gecko) Version/14.1.2 Safari/605.1.15"
35.233.102.46 - - [03/Sep/2021:13:03:15 +0000] "GET /payments/config?currency=EUR HTTP/1.1" 200 4108 "https://shop.gnet.it/products/a-b-test-email" "Mozilla/5.0 (Macintosh; Intel Mac OS X 10_15_7) AppleWebKit/537.36 (KHTML, like Gecko) Chrome/92.0.4515.159 Safari/537.36"
35.233.102.46 - - [03/Sep/2021:13:03:33 +0000] "POST /cart/add.js HTTP/1.1" 200 5844 "https://shop.gnet.it/products/a-b-test-email" "Mozilla/5.0 (Macintosh; Intel Mac OS X 10_15_7) AppleWebKit/537.36 (KHTML, like Gecko) Chrome/92.0.4515.159 Safari/537.36"
35.233.102.46 - - [03/Sep/2021:13:03:34 +0000] "GET /cart.js HTTP/1.1" 200 4193 "https://shop.gnet.it/products/a-b-test-email" "Mozilla/5.0 (Macintosh; Intel Mac OS X 10_15_7) AppleWebKit/537.36 (KHTML, like Gecko) Chrome/92.0.4515.159 Safari/537.36"
35.233.102.46 - - [03/Sep/2021:13:03:36 +0000] "GET /cart HTTP/1.1" 200 30346 "https://shop.gnet.it/products/a-b-test-email" "Mozilla/5.0 (Macintosh; Intel Mac OS X 10_15_7) AppleWebKit/537.36 (KHTML, like Gecko) Chrome/92.0.4515.159 Safari/537.36"
35.233.102.46 - - [03/Sep/2021:13:03:36 +0000] "GET /payments/config?currency=EUR HTTP/1.1" 200 3548 "https://shop.gnet.it/cart" "Mozilla/5.0 (Macintosh; Intel Mac OS X 10_15_7) AppleWebKit/537.36 (KHTML, like Gecko) Chrome/92.0.4515.159 Safari/537.36"
35.233.102.46 - - [03/Sep/2021:13:03:37 +0000] "GET /cart.js HTTP/1.1" 200 3134 "https://shop.gnet.it/cart" "Mozilla/5.0 (Macintosh; Intel Mac OS X 10_15_7) AppleWebKit/537.36 (KHTML, like Gecko) Chrome/92.0.4515.159 Safari/537.36"
35.233.102.46 - - [03/Sep/2021:13:03:37 +0000] "GET /cart.js HTTP/1.1" 200 4193 "https://shop.gnet.it/cart" "Mozilla/5.0 (Macintosh; Intel Mac OS X 10_15_7) AppleWebKit/537.36 (KHTML, like Gecko) Chrome/92.0.4515.159 Safari/537.36"
35.233.102.46 - - [03/Sep/2021:13:03:37 +0000] "GET /cart.js HTTP/1.1" 200 4149 "https://shop.gnet.it/cart" "Mozilla/5.0 (Macintosh; Intel Mac OS X 10_15_7) AppleWebKit/537.36 (KHTML, like Gecko) Chrome/92.0.4515.159 Safari/537.36"
35.233.102.46 - - [03/Sep/2021:13:03:37 +0000] "GET /cart.js HTTP/1.1" 200 4113 "https://shop.gnet.it/cart" "Mozilla/5.0 (Macintosh; Intel Mac OS X 10_15_7) AppleWebKit/537.36 (KHTML, like Gecko) Chrome/92.0.4515.159 Safari/537.36"
35.233.102.46 - - [03/Sep/2021:13:03:38 +0000] "POST /csp-report HTTP/1.1" 200 1298 "https://shop.gnet.it/cart" "Mozilla/5.0 (Macintosh; Intel Mac OS X 10_15_7) AppleWebKit/537.36 (KHTML, like Gecko) Chrome/92.0.4515.159 Safari/537.36"
35.233.102.46 - - [03/Sep/2021:13:03:38 +0000] "POST /csp-report HTTP/1.1" 200 1858 "https://shop.gnet.it/cart" "Mozilla/5.0 (Macintosh; Intel Mac OS X 10_15_7) AppleWebKit/537.36 (KHTML, like Gecko) Chrome/92.0.4515.159 Safari/537.36"
35.233.102.46 - - [03/Sep/2021:13:03:38 +0000] "POST /csp-report HTTP/1.1" 200 1298 "https://shop.gnet.it/cart" "Mozilla/5.0 (Macintosh; Intel Mac OS X 10_15_7) AppleWebKit/537.36 (KHTML, like Gecko) Chrome/92.0.4515.159 Safari/537.36"
