66.249.66.142 - - [04/Sep/2021:06:55:33 +0000] "GET /products/corso-hubspot-crm-avanzato HTTP/1.1" 200 38956 "-" "Mozilla/5.0 (Linux; Android 6.0.1; Nexus 5X Build/MMB29P) AppleWebKit/537.36 (KHTML, like Gecko) Chrome/92.0.4515.119 Mobile Safari/537.36 (compatible; Googlebot/2.1; +http://www.google.com/bot.html)"
66.249.66.144 - - [04/Sep/2021:06:55:36 +0000] "GET //variants/40302102347951/?section_id=store-availability HTTP/1.1" 200 7457 "https://shop.gnet.it/products/corso-hubspot-crm-avanzato" "Mozilla/5.0 (Linux; Android 6.0.1; Nexus 5X Build/MMB29P) AppleWebKit/537.36 (KHTML, like Gecko) Chrome/92.0.4515.119 Mobile Safari/537.36 (compatible; Googlebot/2.1; +http://www.google.com/bot.html)"
66.249.66.142 - - [04/Sep/2021:06:55:37 +0000] "GET /recommendations/products?section_id=product-recommendations&product_id=6842356596911&limit=4 HTTP/1.1" 200 3584 "https://shop.gnet.it/products/corso-hubspot-crm-avanzato" "Mozilla/5.0 (Linux; Android 6.0.1; Nexus 5X Build/MMB29P) AppleWebKit/537.36 (KHTML, like Gecko) Chrome/92.0.4515.119 Mobile Safari/537.36 (compatible; Googlebot/2.1; +http://www.google.com/bot.html)"
66.249.66.144 - - [04/Sep/2021:07:00:51 +0000] "GET /products/a-b-test-email HTTP/1.1" 200 40382 "-" "Mozilla/5.0 (compatible; Googlebot/2.1; +http://www.google.com/bot.html)"
66.249.66.142 - - [04/Sep/2021:07:01:06 +0000] "GET //variants/40397878952111/?section_id=store-availability HTTP/1.1" 200 7457 "https://shop.gnet.it/products/a-b-test-email" "Mozilla/5.0 AppleWebKit/537.36 (KHTML, like Gecko; compatible; Googlebot/2.1; +http://www.google.com/bot.html) Chrome/92.0.4515.119 Safari/537.36"
66.249.66.144 - - [04/Sep/2021:07:01:06 +0000] "GET /recommendations/products?section_id=product-recommendations&product_id=6873157992623&limit=4 HTTP/1.1" 200 8728 "https://shop.gnet.it/products/a-b-test-email" "Mozilla/5.0 AppleWebKit/537.36 (KHTML, like Gecko; compatible; Googlebot/2.1; +http://www.google.com/bot.html) Chrome/92.0.4515.119 Safari/537.36"
66.249.66.144 - - [04/Sep/2021:07:14:24 +0000] "GET /collections/all/corso-completo HTTP/1.1" 200 35824 "-" "Mozilla/5.0 (Linux; Android 6.0.1; Nexus 5X Build/MMB29P) AppleWebKit/537.36 (KHTML, like Gecko) Chrome/92.0.4515.119 Mobile Safari/537.36 (compatible; Googlebot/2.1; +http://www.google.com/bot.html)"
66.249.66.142 - - [04/Sep/2021:07:25:33 +0000] "GET /products/corso-hubspot-marketing-avanzato HTTP/1.1" 200 40161 "-" "Mozilla/5.0 (Linux; Android 6.0.1; Nexus 5X Build/MMB29P) AppleWebKit/537.36 (KHTML, like Gecko) Chrome/92.0.4515.119 Mobile Safari/537.36 (compatible; Googlebot/2.1; +http://www.google.com/bot.html)"
66.249.66.140 - - [04/Sep/2021:07:35:15 +0000] "GET /products/deals-gestione-e-automazione HTTP/1.1" 200 40090 "-" "Mozilla/5.0 (Linux; Android 6.0.1; Nexus 5X Build/MMB29P) AppleWebKit/537.36 (KHTML, like Gecko) Chrome/92.0.4515.119 Mobile Safari/537.36 (compatible; Googlebot/2.1; +http://www.google.com/bot.html)"
66.249.66.144 - - [04/Sep/2021:07:35:19 +0000] "GET //variants/40491043913903/?section_id=store-availability HTTP/1.1" 200 7457 "https://shop.gnet.it/products/deals-gestione-e-automazione" "Mozilla/5.0 (Linux; Android 6.0.1; Nexus 5X Build/MMB29P) AppleWebKit/537.36 (KHTML, like Gecko) Chrome/92.0.4515.119 Mobile Safari/537.36 (compatible; Googlebot/2.1; +http://www.google.com/bot.html)"
66.249.66.144 - - [04/Sep/2021:07:35:19 +0000] "GET /recommendations/products?section_id=product-recommendations&product_id=6896172925103&limit=4 HTTP/1.1" 200 3584 "https://shop.gnet.it/products/deals-gestione-e-automazione" "Mozilla/5.0 (Linux; Android 6.0.1; Nexus 5X Build/MMB29P) AppleWebKit/537.36 (KHTML, like Gecko) Chrome/92.0.4515.119 Mobile Safari/537.36 (compatible; Googlebot/2.1; +http://www.google.com/bot.html)"
54.93.226.219 - - [04/Sep/2021:07:36:56 +0000] "GET /robots.txt HTTP/1.1" 200 10114 "-" "zoombot (linkbot 1.0 http://suite.seozoom.it/bot.html)"
54.93.226.219 - - [04/Sep/2021:07:36:56 +0000] "HEAD /products/email-marketing-email-di-followup HTTP/1.1" 200 2423 "-" "ZoomBot (Linkbot 1.0 http://suite.seozoom.it/bot.html)"
54.93.226.219 - - [04/Sep/2021:07:36:57 +0000] "GET /products/email-marketing-email-di-followup HTTP/1.1" 200 36315 "-" "ZoomBot (Linkbot 1.0 http://suite.seozoom.it/bot.html)"
66.249.66.140 - - [04/Sep/2021:07:44:45 +0000] "GET //variants/40302232240303/?section_id=store-availability HTTP/1.1" 200 7457 "https://shop.gnet.it/products/corso-hubspot-marketing-avanzato" "Mozilla/5.0 (Linux; Android 6.0.1; Nexus 5X Build/MMB29P) AppleWebKit/537.36 (KHTML, like Gecko) Chrome/92.0.4515.119 Mobile Safari/537.36 (compatible; Googlebot/2.1; +http://www.google.com/bot.html)"
66.249.66.144 - - [04/Sep/2021:07:44:46 +0000] "GET /recommendations/products?section_id=product-recommendations&product_id=6842378125487&limit=4 HTTP/1.1" 200 8730 "https://shop.gnet.it/products/corso-hubspot-marketing-avanzato" "Mozilla/5.0 (Linux; Android 6.0.1; Nexus 5X Build/MMB29P) AppleWebKit/537.36 (KHTML, like Gecko) Chrome/92.0.4515.119 Mobile Safari/537.36 (compatible; Googlebot/2.1; +http://www.google.com/bot.html)"
66.249.66.142 - - [04/Sep/2021:07:56:44 +0000] "GET //variants/40302232240303/?section_id=store-availability HTTP/1.1" 200 7464 "https://shop.gnet.it/products/corso-hubspot-marketing-avanzato" "Mozilla/5.0 (Linux; Android 6.0.1; Nexus 5X Build/MMB29P) AppleWebKit/537.36 (KHTML, like Gecko) Chrome/92.0.4515.119 Mobile Safari/537.36 (compatible; Googlebot/2.1; +http://www.google.com/bot.html)"
66.249.66.142 - - [04/Sep/2021:07:56:46 +0000] "GET /recommendations/products?section_id=product-recommendations&product_id=6842378125487&limit=4 HTTP/1.1" 200 3634 "https://shop.gnet.it/products/corso-hubspot-marketing-avanzato" "Mozilla/5.0 (Linux; Android 6.0.1; Nexus 5X Build/MMB29P) AppleWebKit/537.36 (KHTML, like Gecko) Chrome/92.0.4515.119 Mobile Safari/537.36 (compatible; Googlebot/2.1; +http://www.google.com/bot.html)"
66.249.66.142 - - [04/Sep/2021:07:57:45 +0000] "GET /products/email-marketing-email-di-followup?pr_prod_strat=collection_fallback&pr_rec_pid=6873138692271&pr_ref_pid=6896172925103&pr_seq=uniform HTTP/1.1" 200 40753 "-" "Mozilla/5.0 (Linux; Android 6.0.1; Nexus 5X Build/MMB29P) AppleWebKit/537.36 (KHTML, like Gecko) Chrome/92.0.4515.119 Mobile Safari/537.36 (compatible; Googlebot/2.1; +http://www.google.com/bot.html)"
66.249.66.144 - - [04/Sep/2021:07:59:06 +0000] "GET /products/scoring?pr_prod_strat=collection_fallback&pr_rec_pid=6896190062767&pr_ref_pid=6896172925103&pr_seq=uniform HTTP/1.1" 200 40624 "-" "Mozilla/5.0 (Linux; Android 6.0.1; Nexus 5X Build/MMB29P) AppleWebKit/537.36 (KHTML, like Gecko) Chrome/92.0.4515.119 Mobile Safari/537.36 (compatible; Googlebot/2.1; +http://www.google.com/bot.html)"
66.249.66.140 - - [04/Sep/2021:08:00:03 +0000] "GET /products/a-b-test-email?pr_prod_strat=collection_fallback&pr_rec_pid=6873157992623&pr_ref_pid=6896172925103&pr_seq=uniform HTTP/1.1" 200 40559 "-" "Mozilla/5.0 (Linux; Android 6.0.1; Nexus 5X Build/MMB29P) AppleWebKit/537.36 (KHTML, like Gecko) Chrome/92.0.4515.119 Mobile Safari/537.36 (compatible; Googlebot/2.1; +http://www.google.com/bot.html)"
66.249.66.140 - - [04/Sep/2021:08:20:15 +0000] "GET /products/corso-di-inbound-marketing HTTP/1.1" 200 41088 "-" "Mozilla/5.0 (compatible; Googlebot/2.1; +http://www.google.com/bot.html)"
66.249.66.142 - - [04/Sep/2021:08:20:40 +0000] "GET //variants/40301416022191/?section_id=store-availability HTTP/1.1" 200 7457 "https://shop.gnet.it/products/corso-di-inbound-marketing" "Mozilla/5.0 AppleWebKit/537.36 (KHTML, like Gecko; compatible; Googlebot/2.1; +http://www.google.com/bot.html) Chrome/92.0.4515.119 Safari/537.36"
66.249.66.142 - - [04/Sep/2021:08:20:41 +0000] "GET /recommendations/products?section_id=product-recommendations&product_id=6834954535087&limit=4 HTTP/1.1" 200 3627 "https://shop.gnet.it/products/corso-di-inbound-marketing" "Mozilla/5.0 AppleWebKit/537.36 (KHTML, like Gecko; compatible; Googlebot/2.1; +http://www.google.com/bot.html) Chrome/92.0.4515.119 Safari/537.36"
66.249.66.144 - - [04/Sep/2021:08:21:52 +0000] "GET /products/scoring?pr_prod_strat=collection_fallback&pr_rec_pid=6896190062767&pr_ref_pid=6834954535087&pr_seq=uniform HTTP/1.1" 200 40612 "-" "Mozilla/5.0 (Linux; Android 6.0.1; Nexus 5X Build/MMB29P) AppleWebKit/537.36 (KHTML, like Gecko) Chrome/92.0.4515.119 Mobile Safari/537.36 (compatible; Googlebot/2.1; +http://www.google.com/bot.html)"
66.249.66.142 - - [04/Sep/2021:08:28:21 +0000] "GET /products/a-b-test-email?pr_prod_strat=collection_fallback&pr_rec_pid=6873157992623&pr_ref_pid=6834954535087&pr_seq=uniform HTTP/1.1" 200 40416 "-" "Mozilla/5.0 (Linux; Android 6.0.1; Nexus 5X Build/MMB29P) AppleWebKit/537.36 (KHTML, like Gecko) Chrome/92.0.4515.119 Mobile Safari/537.36 (compatible; Googlebot/2.1; +http://www.google.com/bot.html)"
66.249.66.140 - - [04/Sep/2021:08:29:20 +0000] "GET //variants/40397878952111/?section_id=store-availability HTTP/1.1" 200 7457 "https://shop.gnet.it/products/a-b-test-email?pr_prod_strat=collection_fallback&pr_rec_pid=6873157992623&pr_ref_pid=6834954535087&pr_seq=uniform" "Mozilla/5.0 (Linux; Android 6.0.1; Nexus 5X Build/MMB29P) AppleWebKit/537.36 (KHTML, like Gecko) Chrome/92.0.4515.119 Mobile Safari/537.36 (compatible; Googlebot/2.1; +http://www.google.com/bot.html)"
66.249.66.144 - - [04/Sep/2021:08:29:20 +0000] "GET /recommendations/products?section_id=product-recommendations&product_id=6873157992623&limit=4 HTTP/1.1" 200 8728 "https://shop.gnet.it/products/a-b-test-email?pr_prod_strat=collection_fallback&pr_rec_pid=6873157992623&pr_ref_pid=6834954535087&pr_seq=uniform" "Mozilla/5.0 (Linux; Android 6.0.1; Nexus 5X Build/MMB29P) AppleWebKit/537.36 (KHTML, like Gecko) Chrome/92.0.4515.119 Mobile Safari/537.36 (compatible; Googlebot/2.1; +http://www.google.com/bot.html)"
66.249.66.142 - - [04/Sep/2021:08:30:51 +0000] "GET /products/buyer-persona-contatti-account-timeline HTTP/1.1" 200 42407 "-" "Mozilla/5.0 (compatible; Googlebot/2.1; +http://www.google.com/bot.html)"
66.249.66.140 - - [04/Sep/2021:08:33:04 +0000] "GET //variants/40397649871023/?section_id=store-availability HTTP/1.1" 200 7457 "https://shop.gnet.it/products/buyer-persona-contatti-account-timeline" "Mozilla/5.0 AppleWebKit/537.36 (KHTML, like Gecko; compatible; Googlebot/2.1; +http://www.google.com/bot.html) Chrome/92.0.4515.119 Safari/537.36"
66.249.66.142 - - [04/Sep/2021:08:33:05 +0000] "GET /recommendations/products?section_id=product-recommendations&product_id=6872988450991&limit=4 HTTP/1.1" 200 8730 "https://shop.gnet.it/products/buyer-persona-contatti-account-timeline" "Mozilla/5.0 AppleWebKit/537.36 (KHTML, like Gecko; compatible; Googlebot/2.1; +http://www.google.com/bot.html) Chrome/92.0.4515.119 Safari/537.36"
66.249.66.140 - - [04/Sep/2021:08:46:43 +0000] "GET /products/corso-hubspot-crm-avanzato HTTP/1.1" 200 38897 "-" "Mozilla/5.0 (compatible; Googlebot/2.1; +http://www.google.com/bot.html)"
66.249.66.144 - - [04/Sep/2021:09:14:19 +0000] "GET /products/corso-hubspot-marketing-avanzato HTTP/1.1" 200 40087 "-" "Mozilla/5.0 (compatible; Googlebot/2.1; +http://www.google.com/bot.html)"
66.249.66.142 - - [04/Sep/2021:09:18:30 +0000] "GET /products/corso-hubspot-marketing-base HTTP/1.1" 200 40272 "-" "Mozilla/5.0 (Linux; Android 6.0.1; Nexus 5X Build/MMB29P) AppleWebKit/537.36 (KHTML, like Gecko) Chrome/92.0.4515.119 Mobile Safari/537.36 (compatible; Googlebot/2.1; +http://www.google.com/bot.html)"
66.249.66.144 - - [04/Sep/2021:09:19:00 +0000] "GET //variants/40302187643055/?section_id=store-availability HTTP/1.1" 200 7457 "https://shop.gnet.it/products/corso-hubspot-marketing-base" "Mozilla/5.0 (Linux; Android 6.0.1; Nexus 5X Build/MMB29P) AppleWebKit/537.36 (KHTML, like Gecko) Chrome/92.0.4515.119 Mobile Safari/537.36 (compatible; Googlebot/2.1; +http://www.google.com/bot.html)"
66.249.66.140 - - [04/Sep/2021:09:19:01 +0000] "GET /recommendations/products?section_id=product-recommendations&product_id=6842371637423&limit=4 HTTP/1.1" 200 8731 "https://shop.gnet.it/products/corso-hubspot-marketing-base" "Mozilla/5.0 (Linux; Android 6.0.1; Nexus 5X Build/MMB29P) AppleWebKit/537.36 (KHTML, like Gecko) Chrome/92.0.4515.119 Mobile Safari/537.36 (compatible; Googlebot/2.1; +http://www.google.com/bot.html)"
66.249.66.144 - - [04/Sep/2021:09:48:20 +0000] "GET /collections/f-w-2021 HTTP/1.1" 200 35621 "-" "Mozilla/5.0 (Linux; Android 6.0.1; Nexus 5X Build/MMB29P) AppleWebKit/537.36 (KHTML, like Gecko) Chrome/92.0.4515.119 Mobile Safari/537.36 (compatible; Googlebot/2.1; +http://www.google.com/bot.html)"
66.249.66.142 - - [04/Sep/2021:09:48:48 +0000] "GET /favicon.ico HTTP/1.1" 404 33948 "-" "Googlebot-Image/1.0"
66.249.66.144 - - [04/Sep/2021:09:50:27 +0000] "GET /products/scoring?pr_prod_strat=collection_fallback&pr_rec_pid=6896190062767&pr_ref_pid=6842356596911&pr_seq=uniform HTTP/1.1" 200 40433 "-" "Mozilla/5.0 (Linux; Android 6.0.1; Nexus 5X Build/MMB29P) AppleWebKit/537.36 (KHTML, like Gecko) Chrome/92.0.4515.119 Mobile Safari/537.36 (compatible; Googlebot/2.1; +http://www.google.com/bot.html)"
66.249.66.140 - - [04/Sep/2021:09:50:57 +0000] "GET /collections/f-w-2021/crm HTTP/1.1" 200 35725 "-" "Mozilla/5.0 (Linux; Android 6.0.1; Nexus 5X Build/MMB29P) AppleWebKit/537.36 (KHTML, like Gecko) Chrome/92.0.4515.119 Mobile Safari/537.36 (compatible; Googlebot/2.1; +http://www.google.com/bot.html)"
66.249.66.144 - - [04/Sep/2021:09:58:58 +0000] "GET /collections/f-w-2021/crm.atom HTTP/1.1" 200 14953 "-" "Mozilla/5.0 (Linux; Android 6.0.1; Nexus 5X Build/MMB29P) AppleWebKit/537.36 (KHTML, like Gecko) Chrome/92.0.4515.119 Mobile Safari/537.36 (compatible; Googlebot/2.1; +http://www.google.com/bot.html)"
66.249.66.142 - - [04/Sep/2021:10:03:58 +0000] "GET /sitemap.xml HTTP/1.1" 200 7623 "-" "Mozilla/5.0 (compatible; Googlebot/2.1; +http://www.google.com/bot.html)"
66.249.66.142 - - [04/Sep/2021:10:12:52 +0000] "GET /blogs/news/come-segmentare-il-database-con-hubspot-proprieta-e-liste HTTP/1.1" 404 33272 "-" "Mozilla/5.0 (Linux; Android 6.0.1; Nexus 5X Build/MMB29P) AppleWebKit/537.36 (KHTML, like Gecko) Chrome/92.0.4515.119 Mobile Safari/537.36 (compatible; Googlebot/2.1; +http://www.google.com/bot.html)"
66.249.66.140 - - [04/Sep/2021:10:14:18 +0000] "GET /comments HTTP/1.1" 404 34049 "-" "Mozilla/5.0 (Linux; Android 6.0.1; Nexus 5X Build/MMB29P) AppleWebKit/537.36 (KHTML, like Gecko) Chrome/92.0.4515.119 Mobile Safari/537.36 (compatible; Googlebot/2.1; +http://www.google.com/bot.html)"
37.159.4.154 - - [04/Sep/2021:10:32:25 +0000] "GET / HTTP/1.1" 200 39973 "-" "Mozilla/5.0 (iPhone; CPU iPhone OS 14_6 like Mac OS X) AppleWebKit/605.1.15 (KHTML, like Gecko) Version/14.1.1 Mobile/15E148 Safari/604.1"
37.159.4.154 - - [04/Sep/2021:10:33:19 +0000] "GET /collections/all HTTP/1.1" 200 36421 "https://shop.gnet.it/" "Mozilla/5.0 (iPhone; CPU iPhone OS 14_6 like Mac OS X) AppleWebKit/605.1.15 (KHTML, like Gecko) Version/14.1.1 Mobile/15E148 Safari/604.1"
37.159.4.154 - - [04/Sep/2021:10:33:32 +0000] "GET /collections/all/marketing HTTP/1.1" 200 36256 "https://shop.gnet.it/collections/all" "Mozilla/5.0 (iPhone; CPU iPhone OS 14_6 like Mac OS X) AppleWebKit/605.1.15 (KHTML, like Gecko) Version/14.1.1 Mobile/15E148 Safari/604.1"
37.159.4.154 - - [04/Sep/2021:10:33:37 +0000] "GET /collections/all/marketing?page=2 HTTP/1.1" 200 36001 "https://shop.gnet.it/collections/all/marketing" "Mozilla/5.0 (iPhone; CPU iPhone OS 14_6 like Mac OS X) AppleWebKit/605.1.15 (KHTML, like Gecko) Version/14.1.1 Mobile/15E148 Safari/604.1"
37.159.4.154 - - [04/Sep/2021:10:33:50 +0000] "GET / HTTP/1.1" 200 39750 "https://shop.gnet.it/collections/all/marketing?page=2" "Mozilla/5.0 (iPhone; CPU iPhone OS 14_6 like Mac OS X) AppleWebKit/605.1.15 (KHTML, like Gecko) Version/14.1.1 Mobile/15E148 Safari/604.1"
66.249.66.140 - - [04/Sep/2021:10:37:25 +0000] "GET /products/landing-page HTTP/1.1" 200 41687 "-" "Mozilla/5.0 (compatible; Googlebot/2.1; +http://www.google.com/bot.html)"
66.249.66.140 - - [04/Sep/2021:10:37:28 +0000] "GET //variants/40397790544047/?section_id=store-availability HTTP/1.1" 200 2312 "https://shop.gnet.it/products/landing-page" "Mozilla/5.0 AppleWebKit/537.36 (KHTML, like Gecko; compatible; Googlebot/2.1; +http://www.google.com/bot.html) Chrome/92.0.4515.119 Safari/537.36"
66.249.66.140 - - [04/Sep/2021:10:37:28 +0000] "GET /recommendations/products?section_id=product-recommendations&product_id=6873090064559&limit=4 HTTP/1.1" 200 3601 "https://shop.gnet.it/products/landing-page" "Mozilla/5.0 AppleWebKit/537.36 (KHTML, like Gecko; compatible; Googlebot/2.1; +http://www.google.com/bot.html) Chrome/92.0.4515.119 Safari/537.36"
85.208.98.51 - - [04/Sep/2021:10:46:29 +0000] "GET /products/corso-hubspot-basic HTTP/1.1" 200 39933 "-" "Mozilla/5.0 (compatible; SemrushBot-BM/1.0; +http://www.semrush.com/bot.html)"
66.249.74.94 - - [04/Sep/2021:10:53:47 +0000] "GET /collections/f-w-2021 HTTP/1.1" 200 35587 "-" "Mozilla/5.0 (compatible; Googlebot/2.1; +http://www.google.com/bot.html)"
66.249.74.90 - - [04/Sep/2021:11:12:04 +0000] "GET /collections/f-w-2021/crm HTTP/1.1" 200 35828 "-" "Mozilla/5.0 (compatible; Googlebot/2.1; +http://www.google.com/bot.html)"
66.249.74.90 - - [04/Sep/2021:11:42:52 +0000] "GET /products/report-custom-web-analytics?pr_prod_strat=collection_fallback&pr_rec_pid=6873176801455&pr_ref_pid=6873157992623&pr_seq=uniform HTTP/1.1" 200 41427 "-" "Mozilla/5.0 (Linux; Android 6.0.1; Nexus 5X Build/MMB29P) AppleWebKit/537.36 (KHTML, like Gecko) Chrome/92.0.4515.119 Mobile Safari/537.36 (compatible; Googlebot/2.1; +http://www.google.com/bot.html)"
66.249.74.94 - - [04/Sep/2021:11:50:31 +0000] "GET /recommendations/products?section_id=product-recommendations&product_id=6873176801455&limit=4 HTTP/1.1" 200 8684 "https://shop.gnet.it/products/report-custom-web-analytics?pr_prod_strat=collection_fallback&pr_rec_pid=6873176801455&pr_ref_pid=6873157992623&pr_seq=uniform" "Mozilla/5.0 (Linux; Android 6.0.1; Nexus 5X Build/MMB29P) AppleWebKit/537.36 (KHTML, like Gecko) Chrome/92.0.4515.119 Mobile Safari/537.36 (compatible; Googlebot/2.1; +http://www.google.com/bot.html)"
66.249.74.92 - - [04/Sep/2021:11:50:31 +0000] "GET //variants/40397903986863/?section_id=store-availability HTTP/1.1" 200 7457 "https://shop.gnet.it/products/report-custom-web-analytics?pr_prod_strat=collection_fallback&pr_rec_pid=6873176801455&pr_ref_pid=6873157992623&pr_seq=uniform" "Mozilla/5.0 (Linux; Android 6.0.1; Nexus 5X Build/MMB29P) AppleWebKit/537.36 (KHTML, like Gecko) Chrome/92.0.4515.119 Mobile Safari/537.36 (compatible; Googlebot/2.1; +http://www.google.com/bot.html)"
66.249.74.92 - - [04/Sep/2021:12:14:14 +0000] "GET /products/email-marketing-email-di-followup?pr_prod_strat=collection_fallback&pr_rec_pid=6873138692271&pr_ref_pid=6873090064559&pr_seq=uniform HTTP/1.1" 200 40851 "-" "Mozilla/5.0 (Linux; Android 6.0.1; Nexus 5X Build/MMB29P) AppleWebKit/537.36 (KHTML, like Gecko) Chrome/92.0.4515.119 Mobile Safari/537.36 (compatible; Googlebot/2.1; +http://www.google.com/bot.html)"
66.249.74.90 - - [04/Sep/2021:12:29:14 +0000] "GET /products/report-custom-web-analytics?pr_prod_strat=collection_fallback&pr_rec_pid=6873176801455&pr_ref_pid=6873150587055&pr_seq=uniform HTTP/1.1" 200 41260 "-" "Mozilla/5.0 (Linux; Android 6.0.1; Nexus 5X Build/MMB29P) AppleWebKit/537.36 (KHTML, like Gecko) Chrome/92.0.4515.119 Mobile Safari/537.36 (compatible; Googlebot/2.1; +http://www.google.com/bot.html)"
66.249.74.92 - - [04/Sep/2021:13:03:52 +0000] "GET /products/scoring?pr_prod_strat=collection_fallback&pr_rec_pid=6896190062767&pr_ref_pid=6842371637423&pr_seq=uniform HTTP/1.1" 200 40501 "-" "Mozilla/5.0 (Linux; Android 6.0.1; Nexus 5X Build/MMB29P) AppleWebKit/537.36 (KHTML, like Gecko) Chrome/92.0.4515.119 Mobile Safari/537.36 (compatible; Googlebot/2.1; +http://www.google.com/bot.html)"
66.249.74.90 - - [04/Sep/2021:13:04:27 +0000] "GET /sitemap_collections_1.xml HTTP/1.1" 200 7792 "-" "Mozilla/5.0 (compatible; Googlebot/2.1; +http://www.google.com/bot.html)"
66.249.74.92 - - [04/Sep/2021:13:14:18 +0000] "GET /collections/hubspot-crm/unita-singola HTTP/1.1" 200 36478 "-" "Mozilla/5.0 (Linux; Android 6.0.1; Nexus 5X Build/MMB29P) AppleWebKit/537.36 (KHTML, like Gecko) Chrome/92.0.4515.119 Mobile Safari/537.36 (compatible; Googlebot/2.1; +http://www.google.com/bot.html)"
66.249.74.94 - - [04/Sep/2021:13:15:04 +0000] "GET /collections/hubspot-crm/unita-singola.atom HTTP/1.1" 200 71449 "-" "Mozilla/5.0 (Linux; Android 6.0.1; Nexus 5X Build/MMB29P) AppleWebKit/537.36 (KHTML, like Gecko) Chrome/92.0.4515.119 Mobile Safari/537.36 (compatible; Googlebot/2.1; +http://www.google.com/bot.html)"
66.249.74.92 - - [04/Sep/2021:13:56:16 +0000] "GET /robots.txt HTTP/1.1" 200 7844 "-" "Mozilla/5.0 (compatible; Googlebot/2.1; +http://www.google.com/bot.html)"
85.208.98.51 - - [04/Sep/2021:14:20:14 +0000] "GET /products/manuali-playbook HTTP/1.1" 200 40698 "-" "Mozilla/5.0 (compatible; SemrushBot-BM/1.0; +http://www.semrush.com/bot.html)"
66.249.74.90 - - [04/Sep/2021:14:21:59 +0000] "GET /sitemap_blogs_1.xml HTTP/1.1" 200 7521 "-" "Mozilla/5.0 (compatible; Googlebot/2.1; +http://www.google.com/bot.html)"
66.249.74.94 - - [04/Sep/2021:14:23:16 +0000] "GET /products/email-marketing-email-di-followup?pr_prod_strat=collection_fallback&pr_rec_pid=6873138692271&pr_ref_pid=6911951700143&pr_seq=uniform HTTP/1.1" 200 40956 "-" "Mozilla/5.0 (Linux; Android 6.0.1; Nexus 5X Build/MMB29P) AppleWebKit/537.36 (KHTML, like Gecko) Chrome/92.0.4515.119 Mobile Safari/537.36 (compatible; Googlebot/2.1; +http://www.google.com/bot.html)"
66.249.74.92 - - [04/Sep/2021:14:41:14 +0000] "GET /collections/marketing-unita-singole/crm.atom HTTP/1.1" 200 46078 "-" "Mozilla/5.0 (Linux; Android 6.0.1; Nexus 5X Build/MMB29P) AppleWebKit/537.36 (KHTML, like Gecko) Chrome/92.0.4515.119 Mobile Safari/537.36 (compatible; Googlebot/2.1; +http://www.google.com/bot.html)"
66.249.74.90 - - [04/Sep/2021:15:17:14 +0000] "GET /products/pipeline HTTP/1.1" 200 40038 "-" "Mozilla/5.0 (Linux; Android 6.0.1; Nexus 5X Build/MMB29P) AppleWebKit/537.36 (KHTML, like Gecko) Chrome/92.0.4515.119 Mobile Safari/537.36 (compatible; Googlebot/2.1; +http://www.google.com/bot.html)"
66.249.74.94 - - [04/Sep/2021:15:17:18 +0000] "GET /recommendations/products?section_id=product-recommendations&product_id=6896185147567&limit=4 HTTP/1.1" 200 8772 "https://shop.gnet.it/products/pipeline" "Mozilla/5.0 (Linux; Android 6.0.1; Nexus 5X Build/MMB29P) AppleWebKit/537.36 (KHTML, like Gecko) Chrome/92.0.4515.119 Mobile Safari/537.36 (compatible; Googlebot/2.1; +http://www.google.com/bot.html)"
66.249.74.92 - - [04/Sep/2021:15:17:19 +0000] "GET //variants/40491155423407/?section_id=store-availability HTTP/1.1" 200 7457 "https://shop.gnet.it/products/pipeline" "Mozilla/5.0 (Linux; Android 6.0.1; Nexus 5X Build/MMB29P) AppleWebKit/537.36 (KHTML, like Gecko) Chrome/92.0.4515.119 Mobile Safari/537.36 (compatible; Googlebot/2.1; +http://www.google.com/bot.html)"
66.249.74.92 - - [04/Sep/2021:15:18:27 +0000] "GET /sitemap_pages_1.xml HTTP/1.1" 200 7531 "-" "Mozilla/5.0 (compatible; Googlebot/2.1; +http://www.google.com/bot.html)"
66.249.74.92 - - [04/Sep/2021:15:19:34 +0000] "GET /sitemap_products_1.xml?from=6718320541871&to=6911955697839 HTTP/1.1" 200 9023 "-" "Mozilla/5.0 (compatible; Googlebot/2.1; +http://www.google.com/bot.html)"
66.249.74.92 - - [04/Sep/2021:15:28:03 +0000] "GET /products/email-marketing-email-di-followup?pr_prod_strat=collection_fallback&pr_rec_pid=6873138692271&pr_ref_pid=6896185147567&pr_seq=uniform HTTP/1.1" 200 40923 "-" "Mozilla/5.0 (Linux; Android 6.0.1; Nexus 5X Build/MMB29P) AppleWebKit/537.36 (KHTML, like Gecko) Chrome/92.0.4515.119 Mobile Safari/537.36 (compatible; Googlebot/2.1; +http://www.google.com/bot.html)"
66.249.74.94 - - [04/Sep/2021:15:35:14 +0000] "GET /products/email-marketing-email-di-followup?pr_prod_strat=collection_fallback&pr_rec_pid=6873138692271&pr_ref_pid=6842356596911&pr_seq=uniform HTTP/1.1" 200 40977 "-" "Mozilla/5.0 (Linux; Android 6.0.1; Nexus 5X Build/MMB29P) AppleWebKit/537.36 (KHTML, like Gecko) Chrome/92.0.4515.119 Mobile Safari/537.36 (compatible; Googlebot/2.1; +http://www.google.com/bot.html)"
66.249.74.90 - - [04/Sep/2021:15:53:14 +0000] "GET /products/scoring?pr_prod_strat=collection_fallback&pr_rec_pid=6896190062767&pr_ref_pid=6873090064559&pr_seq=uniform HTTP/1.1" 200 40558 "-" "Mozilla/5.0 (Linux; Android 6.0.1; Nexus 5X Build/MMB29P) AppleWebKit/537.36 (KHTML, like Gecko) Chrome/92.0.4515.119 Mobile Safari/537.36 (compatible; Googlebot/2.1; +http://www.google.com/bot.html)"
66.249.74.92 - - [04/Sep/2021:16:10:25 +0000] "GET /products/a-b-test-email?pr_prod_strat=collection_fallback&pr_rec_pid=6873157992623&pr_ref_pid=6842378125487&pr_seq=uniform HTTP/1.1" 200 40673 "-" "Mozilla/5.0 (Linux; Android 6.0.1; Nexus 5X Build/MMB29P) AppleWebKit/537.36 (KHTML, like Gecko) Chrome/92.0.4515.119 Mobile Safari/537.36 (compatible; Googlebot/2.1; +http://www.google.com/bot.html)"
66.249.74.94 - - [04/Sep/2021:16:27:38 +0000] "GET /products/pipeline HTTP/1.1" 200 40050 "-" "Mozilla/5.0 (compatible; Googlebot/2.1; +http://www.google.com/bot.html)"
66.249.74.90 - - [04/Sep/2021:16:27:42 +0000] "GET //variants/40491155423407/?section_id=store-availability HTTP/1.1" 200 7457 "https://shop.gnet.it/products/pipeline" "Mozilla/5.0 AppleWebKit/537.36 (KHTML, like Gecko; compatible; Googlebot/2.1; +http://www.google.com/bot.html) Chrome/92.0.4515.119 Safari/537.36"
66.249.74.92 - - [04/Sep/2021:16:27:42 +0000] "GET /recommendations/products?section_id=product-recommendations&product_id=6896185147567&limit=4 HTTP/1.1" 200 8729 "https://shop.gnet.it/products/pipeline" "Mozilla/5.0 AppleWebKit/537.36 (KHTML, like Gecko; compatible; Googlebot/2.1; +http://www.google.com/bot.html) Chrome/92.0.4515.119 Safari/537.36"
66.249.74.92 - - [04/Sep/2021:16:44:50 +0000] "GET /products/corso-hubspot-marketing-base HTTP/1.1" 200 40188 "-" "Mozilla/5.0 (compatible; Googlebot/2.1; +http://www.google.com/bot.html)"
66.249.74.94 - - [04/Sep/2021:17:19:14 +0000] "GET /collections/all/crm HTTP/1.1" 200 36525 "-" "Mozilla/5.0 (Linux; Android 6.0.1; Nexus 5X Build/MMB29P) AppleWebKit/537.36 (KHTML, like Gecko) Chrome/92.0.4515.119 Mobile Safari/537.36 (compatible; Googlebot/2.1; +http://www.google.com/bot.html)"
66.249.74.92 - - [04/Sep/2021:17:27:09 +0000] "GET /collections/all/crm?page=2 HTTP/1.1" 200 36069 "-" "Mozilla/5.0 (Linux; Android 6.0.1; Nexus 5X Build/MMB29P) AppleWebKit/537.36 (KHTML, like Gecko) Chrome/92.0.4515.119 Mobile Safari/537.36 (compatible; Googlebot/2.1; +http://www.google.com/bot.html)"
66.249.74.94 - - [04/Sep/2021:17:36:26 +0000] "GET /products/a-b-test-email?pr_prod_strat=collection_fallback&pr_rec_pid=6873157992623&pr_ref_pid=6896186720431&pr_seq=uniform HTTP/1.1" 200 40692 "-" "Mozilla/5.0 (Linux; Android 6.0.1; Nexus 5X Build/MMB29P) AppleWebKit/537.36 (KHTML, like Gecko) Chrome/92.0.4515.119 Mobile Safari/537.36 (compatible; Googlebot/2.1; +http://www.google.com/bot.html)"
66.249.74.92 - - [04/Sep/2021:19:14:18 +0000] "GET /comments HTTP/1.1" 404 33983 "-" "Mozilla/5.0 (compatible; Googlebot/2.1; +http://www.google.com/bot.html)"
66.249.74.94 - - [04/Sep/2021:20:44:21 +0000] "GET /collections/marketing-unita-singole/unita-singola HTTP/1.1" 200 36279 "-" "Mozilla/5.0 (Linux; Android 6.0.1; Nexus 5X Build/MMB29P) AppleWebKit/537.36 (KHTML, like Gecko) Chrome/92.0.4515.119 Mobile Safari/537.36 (compatible; Googlebot/2.1; +http://www.google.com/bot.html)"
66.249.74.90 - - [04/Sep/2021:20:56:59 +0000] "GET /collections/marketing-unita-singole/unita-singola.atom HTTP/1.1" 200 46053 "-" "Mozilla/5.0 (Linux; Android 6.0.1; Nexus 5X Build/MMB29P) AppleWebKit/537.36 (KHTML, like Gecko) Chrome/92.0.4515.119 Mobile Safari/537.36 (compatible; Googlebot/2.1; +http://www.google.com/bot.html)"
66.249.74.94 - - [04/Sep/2021:21:34:15 +0000] "GET /products/automatismi-workflow?pr_prod_strat=collection_fallback&pr_rec_pid=6873165004975&pr_ref_pid=6896190062767&pr_seq=uniform HTTP/1.1" 200 40517 "-" "Mozilla/5.0 (Linux; Android 6.0.1; Nexus 5X Build/MMB29P) AppleWebKit/537.36 (KHTML, like Gecko) Chrome/92.0.4515.119 Mobile Safari/537.36 (compatible; Googlebot/2.1; +http://www.google.com/bot.html)"
66.249.74.94 - - [04/Sep/2021:23:51:05 +0000] "GET /products/report-custom-web-analytics?pr_prod_strat=collection_fallback&pr_rec_pid=6873176801455&pr_ref_pid=6896185147567&pr_seq=uniform HTTP/1.1" 200 41382 "-" "Mozilla/5.0 (Linux; Android 6.0.1; Nexus 5X Build/MMB29P) AppleWebKit/537.36 (KHTML, like Gecko) Chrome/92.0.4515.119 Mobile Safari/537.36 (compatible; Googlebot/2.1; +http://www.google.com/bot.html)"
66.249.74.92 - - [05/Sep/2021:00:02:54 +0000] "GET /products/automatismi-workflow?pr_prod_strat=collection_fallback&pr_rec_pid=6873165004975&pr_ref_pid=6896186065071&pr_seq=uniform HTTP/1.1" 200 40720 "-" "Mozilla/5.0 (Linux; Android 6.0.1; Nexus 5X Build/MMB29P) AppleWebKit/537.36 (KHTML, like Gecko) Chrome/92.0.4515.119 Mobile Safari/537.36 (compatible; Googlebot/2.1; +http://www.google.com/bot.html)"
66.249.74.92 - - [05/Sep/2021:01:02:01 +0000] "GET /v1/produce HTTP/1.1" 404 33997 "-" "Mozilla/5.0 (compatible; Googlebot/2.1; +http://www.google.com/bot.html)"
66.249.74.94 - - [05/Sep/2021:01:19:45 +0000] "GET /products/report-custom-web-analytics?pr_prod_strat=collection_fallback&pr_rec_pid=6873176801455&pr_ref_pid=6873005916335&pr_seq=uniform HTTP/1.1" 200 41268 "-" "Mozilla/5.0 (Linux; Android 6.0.1; Nexus 5X Build/MMB29P) AppleWebKit/537.36 (KHTML, like Gecko) Chrome/92.0.4515.119 Mobile Safari/537.36 (compatible; Googlebot/2.1; +http://www.google.com/bot.html)"
66.249.74.94 - - [05/Sep/2021:01:37:28 +0000] "GET /collections/f-w-2021/corso-completo HTTP/1.1" 200 35643 "-" "Mozilla/5.0 (compatible; Googlebot/2.1; +http://www.google.com/bot.html)"
66.249.74.94 - - [05/Sep/2021:01:49:18 +0000] "GET /products/scoring?pr_prod_strat=collection_fallback&pr_rec_pid=6896190062767&pr_ref_pid=6873005916335&pr_seq=uniform HTTP/1.1" 200 40667 "-" "Mozilla/5.0 (Linux; Android 6.0.1; Nexus 5X Build/MMB29P) AppleWebKit/537.36 (KHTML, like Gecko) Chrome/92.0.4515.119 Mobile Safari/537.36 (compatible; Googlebot/2.1; +http://www.google.com/bot.html)"
66.249.74.90 - - [05/Sep/2021:01:50:03 +0000] "GET //variants/40491169153199/?section_id=store-availability HTTP/1.1" 200 7457 "https://shop.gnet.it/products/scoring?pr_prod_strat=collection_fallback&pr_rec_pid=6896190062767&pr_ref_pid=6873005916335&pr_seq=uniform" "Mozilla/5.0 (Linux; Android 6.0.1; Nexus 5X Build/MMB29P) AppleWebKit/537.36 (KHTML, like Gecko) Chrome/92.0.4515.119 Mobile Safari/537.36 (compatible; Googlebot/2.1; +http://www.google.com/bot.html)"
66.249.74.94 - - [05/Sep/2021:01:50:05 +0000] "GET /recommendations/products?section_id=product-recommendations&product_id=6896190062767&limit=4 HTTP/1.1" 200 8742 "https://shop.gnet.it/products/scoring?pr_prod_strat=collection_fallback&pr_rec_pid=6896190062767&pr_ref_pid=6873005916335&pr_seq=uniform" "Mozilla/5.0 (Linux; Android 6.0.1; Nexus 5X Build/MMB29P) AppleWebKit/537.36 (KHTML, like Gecko) Chrome/92.0.4515.119 Mobile Safari/537.36 (compatible; Googlebot/2.1; +http://www.google.com/bot.html)"
66.249.74.90 - - [05/Sep/2021:02:05:47 +0000] "GET /blogs/news/hubspot-per-trovare-clienti-nel-2020 HTTP/1.1" 404 33267 "-" "Mozilla/5.0 (Linux; Android 6.0.1; Nexus 5X Build/MMB29P) AppleWebKit/537.36 (KHTML, like Gecko) Chrome/92.0.4515.119 Mobile Safari/537.36 (compatible; Googlebot/2.1; +http://www.google.com/bot.html)"
66.249.74.92 - - [05/Sep/2021:02:07:20 +0000] "GET /products/email-marketing-email-di-followup?pr_prod_strat=collection_fallback&pr_rec_pid=6873138692271&pr_ref_pid=6842371637423&pr_seq=uniform HTTP/1.1" 200 40915 "-" "Mozilla/5.0 (Linux; Android 6.0.1; Nexus 5X Build/MMB29P) AppleWebKit/537.36 (KHTML, like Gecko) Chrome/92.0.4515.119 Mobile Safari/537.36 (compatible; Googlebot/2.1; +http://www.google.com/bot.html)"
66.249.74.94 - - [05/Sep/2021:02:16:07 +0000] "GET /collections/hubspot-marketing-corsi-completi/marketing HTTP/1.1" 200 35934 "-" "Mozilla/5.0 (Linux; Android 6.0.1; Nexus 5X Build/MMB29P) AppleWebKit/537.36 (KHTML, like Gecko) Chrome/92.0.4515.119 Mobile Safari/537.36 (compatible; Googlebot/2.1; +http://www.google.com/bot.html)"
66.249.74.94 - - [05/Sep/2021:02:46:07 +0000] "GET /products/report-custom-web-analytics?pr_prod_strat=collection_fallback&pr_rec_pid=6873176801455&pr_ref_pid=6842378125487&pr_seq=uniform HTTP/1.1" 200 41402 "-" "Mozilla/5.0 (Linux; Android 6.0.1; Nexus 5X Build/MMB29P) AppleWebKit/537.36 (KHTML, like Gecko) Chrome/92.0.4515.119 Mobile Safari/537.36 (compatible; Googlebot/2.1; +http://www.google.com/bot.html)"
66.249.74.92 - - [05/Sep/2021:03:16:07 +0000] "GET /collections/all/marketing HTTP/1.1" 200 36326 "-" "Mozilla/5.0 (Linux; Android 6.0.1; Nexus 5X Build/MMB29P) AppleWebKit/537.36 (KHTML, like Gecko) Chrome/92.0.4515.119 Mobile Safari/537.36 (compatible; Googlebot/2.1; +http://www.google.com/bot.html)"
66.249.74.92 - - [05/Sep/2021:03:21:52 +0000] "GET /collections/all/marketing?page=2 HTTP/1.1" 200 36210 "-" "Mozilla/5.0 (Linux; Android 6.0.1; Nexus 5X Build/MMB29P) AppleWebKit/537.36 (KHTML, like Gecko) Chrome/92.0.4515.119 Mobile Safari/537.36 (compatible; Googlebot/2.1; +http://www.google.com/bot.html)"
66.249.74.92 - - [05/Sep/2021:03:24:24 +0000] "GET /collections/all/marketing?page=1 HTTP/1.1" 200 36473 "-" "Mozilla/5.0 (Linux; Android 6.0.1; Nexus 5X Build/MMB29P) AppleWebKit/537.36 (KHTML, like Gecko) Chrome/92.0.4515.119 Mobile Safari/537.36 (compatible; Googlebot/2.1; +http://www.google.com/bot.html)"
66.249.74.90 - - [05/Sep/2021:03:46:07 +0000] "GET /products/automatismi-workflow-1 HTTP/1.1" 200 40442 "-" "Mozilla/5.0 (Linux; Android 6.0.1; Nexus 5X Build/MMB29P) AppleWebKit/537.36 (KHTML, like Gecko) Chrome/92.0.4515.119 Mobile Safari/537.36 (compatible; Googlebot/2.1; +http://www.google.com/bot.html)"
66.249.74.92 - - [05/Sep/2021:03:46:20 +0000] "GET /products/report-custom-web-analytics?pr_prod_strat=collection_fallback&pr_rec_pid=6873176801455&pr_ref_pid=6842371637423&pr_seq=uniform HTTP/1.1" 200 41321 "-" "Mozilla/5.0 (Linux; Android 6.0.1; Nexus 5X Build/MMB29P) AppleWebKit/537.36 (KHTML, like Gecko) Chrome/92.0.4515.119 Mobile Safari/537.36 (compatible; Googlebot/2.1; +http://www.google.com/bot.html)"
66.249.74.90 - - [05/Sep/2021:03:51:49 +0000] "GET /recommendations/products?section_id=product-recommendations&product_id=6911951700143&limit=4 HTTP/1.1" 200 8742 "https://shop.gnet.it/products/automatismi-workflow-1" "Mozilla/5.0 (Linux; Android 6.0.1; Nexus 5X Build/MMB29P) AppleWebKit/537.36 (KHTML, like Gecko) Chrome/92.0.4515.119 Mobile Safari/537.36 (compatible; Googlebot/2.1; +http://www.google.com/bot.html)"
66.249.74.92 - - [05/Sep/2021:03:51:50 +0000] "GET //variants/40542617436335/?section_id=store-availability HTTP/1.1" 200 7457 "https://shop.gnet.it/products/automatismi-workflow-1" "Mozilla/5.0 (Linux; Android 6.0.1; Nexus 5X Build/MMB29P) AppleWebKit/537.36 (KHTML, like Gecko) Chrome/92.0.4515.119 Mobile Safari/537.36 (compatible; Googlebot/2.1; +http://www.google.com/bot.html)"
66.249.74.92 - - [05/Sep/2021:04:01:07 +0000] "GET /products/automatismi-workflow?pr_prod_strat=collection_fallback&pr_rec_pid=6873165004975&pr_ref_pid=6911951700143&pr_seq=uniform HTTP/1.1" 200 40533 "-" "Mozilla/5.0 (Linux; Android 6.0.1; Nexus 5X Build/MMB29P) AppleWebKit/537.36 (KHTML, like Gecko) Chrome/92.0.4515.119 Mobile Safari/537.36 (compatible; Googlebot/2.1; +http://www.google.com/bot.html)"
66.249.74.90 - - [05/Sep/2021:04:23:37 +0000] "GET /products/automatismi-workflow-1 HTTP/1.1" 200 40550 "-" "Mozilla/5.0 (compatible; Googlebot/2.1; +http://www.google.com/bot.html)"
66.249.74.94 - - [05/Sep/2021:04:31:07 +0000] "GET /collections/all/crm.atom HTTP/1.1" 200 128494 "-" "Mozilla/5.0 (Linux; Android 6.0.1; Nexus 5X Build/MMB29P) AppleWebKit/537.36 (KHTML, like Gecko) Chrome/92.0.4515.119 Mobile Safari/537.36 (compatible; Googlebot/2.1; +http://www.google.com/bot.html)"
66.249.74.90 - - [05/Sep/2021:04:53:02 +0000] "GET /collections/all/corso-completo.atom HTTP/1.1" 200 128537 "-" "Mozilla/5.0 (Linux; Android 6.0.1; Nexus 5X Build/MMB29P) AppleWebKit/537.36 (KHTML, like Gecko) Chrome/92.0.4515.119 Mobile Safari/537.36 (compatible; Googlebot/2.1; +http://www.google.com/bot.html)"
66.249.74.94 - - [05/Sep/2021:05:14:56 +0000] "GET /products/smart-content?pr_prod_strat=collection_fallback&pr_rec_pid=6873150587055&pr_ref_pid=6873138692271&pr_seq=uniform HTTP/1.1" 200 40760 "-" "Mozilla/5.0 (Linux; Android 6.0.1; Nexus 5X Build/MMB29P) AppleWebKit/537.36 (KHTML, like Gecko) Chrome/92.0.4515.119 Mobile Safari/537.36 (compatible; Googlebot/2.1; +http://www.google.com/bot.html)"
66.249.74.94 - - [05/Sep/2021:05:58:46 +0000] "GET /products/automatismi-workflow?pr_prod_strat=collection_fallback&pr_rec_pid=6873165004975&pr_ref_pid=6873138692271&pr_seq=uniform HTTP/1.1" 200 40553 "-" "Mozilla/5.0 (Linux; Android 6.0.1; Nexus 5X Build/MMB29P) AppleWebKit/537.36 (KHTML, like Gecko) Chrome/92.0.4515.119 Mobile Safari/537.36 (compatible; Googlebot/2.1; +http://www.google.com/bot.html)"
